# Independent JS typed scalar/UTF16/stable sort/exact partitions with explicit synthetic policies; unavailable policies visibly refuse
{"op":"bases_ordering","action":"compare","left":null,"right":null,"nulls":"last","strings":"utf16","timezone":"UTC"}
{"op":"bases_ordering","action":"compare","left":null,"right":false,"nulls":"last","strings":"utf16","timezone":"UTC"}
{"op":"bases_ordering","action":"compare","left":null,"right":true,"nulls":"last","strings":"utf16","timezone":"UTC"}
{"op":"bases_ordering","action":"compare","left":null,"right":-2,"nulls":"last","strings":"utf16","timezone":"UTC"}
{"op":"bases_ordering","action":"compare","left":null,"right":-1,"nulls":"last","strings":"utf16","timezone":"UTC"}
{"op":"bases_ordering","action":"compare","left":null,"right":0,"nulls":"last","strings":"utf16","timezone":"UTC"}
{"op":"bases_ordering","action":"compare","left":null,"right":0,"nulls":"last","strings":"utf16","timezone":"UTC"}
{"op":"bases_ordering","action":"compare","left":null,"right":1,"nulls":"last","strings":"utf16","timezone":"UTC"}
{"op":"bases_ordering","action":"compare","left":null,"right":1.5,"nulls":"last","strings":"utf16","timezone":"UTC"}
{"op":"bases_ordering","action":"compare","left":null,"right":"","nulls":"last","strings":"utf16","timezone":"UTC"}
{"op":"bases_ordering","action":"compare","left":null,"right":"1","nulls":"last","strings":"utf16","timezone":"UTC"}
{"op":"bases_ordering","action":"compare","left":null,"right":"a","nulls":"last","strings":"utf16","timezone":"UTC"}
{"op":"bases_ordering","action":"compare","left":null,"right":"B","nulls":"last","strings":"utf16","timezone":"UTC"}
{"op":"bases_ordering","action":"compare","left":null,"right":"😀","nulls":"last","strings":"utf16","timezone":"UTC"}
{"op":"bases_ordering","action":"compare","left":null,"right":"","nulls":"last","strings":"utf16","timezone":"UTC"}
{"op":"bases_ordering","action":"compare","left":null,"right":{"date":"2026-06-10"},"nulls":"last","strings":"utf16","timezone":"UTC"}
{"op":"bases_ordering","action":"compare","left":null,"right":{"date":"2026-06-10T00:00:00Z"},"nulls":"last","strings":"utf16","timezone":"UTC"}
{"op":"bases_ordering","action":"compare","left":null,"right":{"date":"2026-06-10T01:00:00Z"},"nulls":"last","strings":"utf16","timezone":"UTC"}
{"op":"bases_ordering","action":"compare","left":false,"right":null,"nulls":"last","strings":"utf16","timezone":"UTC"}
{"op":"bases_ordering","action":"compare","left":false,"right":false,"nulls":"last","strings":"utf16","timezone":"UTC"}
{"op":"bases_ordering","action":"compare","left":false,"right":true,"nulls":"last","strings":"utf16","timezone":"UTC"}
{"op":"bases_ordering","action":"compare","left":false,"right":-2,"nulls":"last","strings":"utf16","timezone":"UTC"}
{"op":"bases_ordering","action":"compare","left":false,"right":-1,"nulls":"last","strings":"utf16","timezone":"UTC"}
{"op":"bases_ordering","action":"compare","left":false,"right":0,"nulls":"last","strings":"utf16","timezone":"UTC"}
{"op":"bases_ordering","action":"compare","left":false,"right":0,"nulls":"last","strings":"utf16","timezone":"UTC"}
{"op":"bases_ordering","action":"compare","left":false,"right":1,"nulls":"last","strings":"utf16","timezone":"UTC"}
{"op":"bases_ordering","action":"compare","left":false,"right":1.5,"nulls":"last","strings":"utf16","timezone":"UTC"}
{"op":"bases_ordering","action":"compare","left":false,"right":"","nulls":"last","strings":"utf16","timezone":"UTC"}
{"op":"bases_ordering","action":"compare","left":false,"right":"1","nulls":"last","strings":"utf16","timezone":"UTC"}
{"op":"bases_ordering","action":"compare","left":false,"right":"a","nulls":"last","strings":"utf16","timezone":"UTC"}
{"op":"bases_ordering","action":"compare","left":false,"right":"B","nulls":"last","strings":"utf16","timezone":"UTC"}
{"op":"bases_ordering","action":"compare","left":false,"right":"😀","nulls":"last","strings":"utf16","timezone":"UTC"}
{"op":"bases_ordering","action":"compare","left":false,"right":"","nulls":"last","strings":"utf16","timezone":"UTC"}
{"op":"bases_ordering","action":"compare","left":false,"right":{"date":"2026-06-10"},"nulls":"last","strings":"utf16","timezone":"UTC"}
{"op":"bases_ordering","action":"compare","left":false,"right":{"date":"2026-06-10T00:00:00Z"},"nulls":"last","strings":"utf16","timezone":"UTC"}
{"op":"bases_ordering","action":"compare","left":false,"right":{"date":"2026-06-10T01:00:00Z"},"nulls":"last","strings":"utf16","timezone":"UTC"}
{"op":"bases_ordering","action":"compare","left":true,"right":null,"nulls":"last","strings":"utf16","timezone":"UTC"}
{"op":"bases_ordering","action":"compare","left":true,"right":false,"nulls":"last","strings":"utf16","timezone":"UTC"}
{"op":"bases_ordering","action":"compare","left":true,"right":true,"nulls":"last","strings":"utf16","timezone":"UTC"}
{"op":"bases_ordering","action":"compare","left":true,"right":-2,"nulls":"last","strings":"utf16","timezone":"UTC"}
{"op":"bases_ordering","action":"compare","left":true,"right":-1,"nulls":"last","strings":"utf16","timezone":"UTC"}
{"op":"bases_ordering","action":"compare","left":true,"right":0,"nulls":"last","strings":"utf16","timezone":"UTC"}
{"op":"bases_ordering","action":"compare","left":true,"right":0,"nulls":"last","strings":"utf16","timezone":"UTC"}
{"op":"bases_ordering","action":"compare","left":true,"right":1,"nulls":"last","strings":"utf16","timezone":"UTC"}
{"op":"bases_ordering","action":"compare","left":true,"right":1.5,"nulls":"last","strings":"utf16","timezone":"UTC"}
{"op":"bases_ordering","action":"compare","left":true,"right":"","nulls":"last","strings":"utf16","timezone":"UTC"}
{"op":"bases_ordering","action":"compare","left":true,"right":"1","nulls":"last","strings":"utf16","timezone":"UTC"}
{"op":"bases_ordering","action":"compare","left":true,"right":"a","nulls":"last","strings":"utf16","timezone":"UTC"}
{"op":"bases_ordering","action":"compare","left":true,"right":"B","nulls":"last","strings":"utf16","timezone":"UTC"}
{"op":"bases_ordering","action":"compare","left":true,"right":"😀","nulls":"last","strings":"utf16","timezone":"UTC"}
{"op":"bases_ordering","action":"compare","left":true,"right":"","nulls":"last","strings":"utf16","timezone":"UTC"}
{"op":"bases_ordering","action":"compare","left":true,"right":{"date":"2026-06-10"},"nulls":"last","strings":"utf16","timezone":"UTC"}
{"op":"bases_ordering","action":"compare","left":true,"right":{"date":"2026-06-10T00:00:00Z"},"nulls":"last","strings":"utf16","timezone":"UTC"}
{"op":"bases_ordering","action":"compare","left":true,"right":{"date":"2026-06-10T01:00:00Z"},"nulls":"last","strings":"utf16","timezone":"UTC"}
{"op":"bases_ordering","action":"compare","left":-2,"right":null,"nulls":"last","strings":"utf16","timezone":"UTC"}
{"op":"bases_ordering","action":"compare","left":-2,"right":false,"nulls":"last","strings":"utf16","timezone":"UTC"}
{"op":"bases_ordering","action":"compare","left":-2,"right":true,"nulls":"last","strings":"utf16","timezone":"UTC"}
{"op":"bases_ordering","action":"compare","left":-2,"right":-2,"nulls":"last","strings":"utf16","timezone":"UTC"}
{"op":"bases_ordering","action":"compare","left":-2,"right":-1,"nulls":"last","strings":"utf16","timezone":"UTC"}
{"op":"bases_ordering","action":"compare","left":-2,"right":0,"nulls":"last","strings":"utf16","timezone":"UTC"}
{"op":"bases_ordering","action":"compare","left":-2,"right":0,"nulls":"last","strings":"utf16","timezone":"UTC"}
{"op":"bases_ordering","action":"compare","left":-2,"right":1,"nulls":"last","strings":"utf16","timezone":"UTC"}
{"op":"bases_ordering","action":"compare","left":-2,"right":1.5,"nulls":"last","strings":"utf16","timezone":"UTC"}
{"op":"bases_ordering","action":"compare","left":-2,"right":"","nulls":"last","strings":"utf16","timezone":"UTC"}
{"op":"bases_ordering","action":"compare","left":-2,"right":"1","nulls":"last","strings":"utf16","timezone":"UTC"}
{"op":"bases_ordering","action":"compare","left":-2,"right":"a","nulls":"last","strings":"utf16","timezone":"UTC"}
{"op":"bases_ordering","action":"compare","left":-2,"right":"B","nulls":"last","strings":"utf16","timezone":"UTC"}
{"op":"bases_ordering","action":"compare","left":-2,"right":"😀","nulls":"last","strings":"utf16","timezone":"UTC"}
{"op":"bases_ordering","action":"compare","left":-2,"right":"","nulls":"last","strings":"utf16","timezone":"UTC"}
{"op":"bases_ordering","action":"compare","left":-2,"right":{"date":"2026-06-10"},"nulls":"last","strings":"utf16","timezone":"UTC"}
{"op":"bases_ordering","action":"compare","left":-2,"right":{"date":"2026-06-10T00:00:00Z"},"nulls":"last","strings":"utf16","timezone":"UTC"}
{"op":"bases_ordering","action":"compare","left":-2,"right":{"date":"2026-06-10T01:00:00Z"},"nulls":"last","strings":"utf16","timezone":"UTC"}
{"op":"bases_ordering","action":"compare","left":-1,"right":null,"nulls":"last","strings":"utf16","timezone":"UTC"}
{"op":"bases_ordering","action":"compare","left":-1,"right":false,"nulls":"last","strings":"utf16","timezone":"UTC"}
{"op":"bases_ordering","action":"compare","left":-1,"right":true,"nulls":"last","strings":"utf16","timezone":"UTC"}
{"op":"bases_ordering","action":"compare","left":-1,"right":-2,"nulls":"last","strings":"utf16","timezone":"UTC"}
{"op":"bases_ordering","action":"compare","left":-1,"right":-1,"nulls":"last","strings":"utf16","timezone":"UTC"}
{"op":"bases_ordering","action":"compare","left":-1,"right":0,"nulls":"last","strings":"utf16","timezone":"UTC"}
{"op":"bases_ordering","action":"compare","left":-1,"right":0,"nulls":"last","strings":"utf16","timezone":"UTC"}
{"op":"bases_ordering","action":"compare","left":-1,"right":1,"nulls":"last","strings":"utf16","timezone":"UTC"}
{"op":"bases_ordering","action":"compare","left":-1,"right":1.5,"nulls":"last","strings":"utf16","timezone":"UTC"}
{"op":"bases_ordering","action":"compare","left":-1,"right":"","nulls":"last","strings":"utf16","timezone":"UTC"}
{"op":"bases_ordering","action":"compare","left":-1,"right":"1","nulls":"last","strings":"utf16","timezone":"UTC"}
{"op":"bases_ordering","action":"compare","left":-1,"right":"a","nulls":"last","strings":"utf16","timezone":"UTC"}
{"op":"bases_ordering","action":"compare","left":-1,"right":"B","nulls":"last","strings":"utf16","timezone":"UTC"}
{"op":"bases_ordering","action":"compare","left":-1,"right":"😀","nulls":"last","strings":"utf16","timezone":"UTC"}
{"op":"bases_ordering","action":"compare","left":-1,"right":"","nulls":"last","strings":"utf16","timezone":"UTC"}
{"op":"bases_ordering","action":"compare","left":-1,"right":{"date":"2026-06-10"},"nulls":"last","strings":"utf16","timezone":"UTC"}
{"op":"bases_ordering","action":"compare","left":-1,"right":{"date":"2026-06-10T00:00:00Z"},"nulls":"last","strings":"utf16","timezone":"UTC"}
{"op":"bases_ordering","action":"compare","left":-1,"right":{"date":"2026-06-10T01:00:00Z"},"nulls":"last","strings":"utf16","timezone":"UTC"}
{"op":"bases_ordering","action":"compare","left":0,"right":null,"nulls":"last","strings":"utf16","timezone":"UTC"}
{"op":"bases_ordering","action":"compare","left":0,"right":false,"nulls":"last","strings":"utf16","timezone":"UTC"}
{"op":"bases_ordering","action":"compare","left":0,"right":true,"nulls":"last","strings":"utf16","timezone":"UTC"}
{"op":"bases_ordering","action":"compare","left":0,"right":-2,"nulls":"last","strings":"utf16","timezone":"UTC"}
{"op":"bases_ordering","action":"compare","left":0,"right":-1,"nulls":"last","strings":"utf16","timezone":"UTC"}
{"op":"bases_ordering","action":"compare","left":0,"right":0,"nulls":"last","strings":"utf16","timezone":"UTC"}
{"op":"bases_ordering","action":"compare","left":0,"right":0,"nulls":"last","strings":"utf16","timezone":"UTC"}
{"op":"bases_ordering","action":"compare","left":0,"right":1,"nulls":"last","strings":"utf16","timezone":"UTC"}
{"op":"bases_ordering","action":"compare","left":0,"right":1.5,"nulls":"last","strings":"utf16","timezone":"UTC"}
{"op":"bases_ordering","action":"compare","left":0,"right":"","nulls":"last","strings":"utf16","timezone":"UTC"}
{"op":"bases_ordering","action":"compare","left":0,"right":"1","nulls":"last","strings":"utf16","timezone":"UTC"}
{"op":"bases_ordering","action":"compare","left":0,"right":"a","nulls":"last","strings":"utf16","timezone":"UTC"}
{"op":"bases_ordering","action":"compare","left":0,"right":"B","nulls":"last","strings":"utf16","timezone":"UTC"}
{"op":"bases_ordering","action":"compare","left":0,"right":"😀","nulls":"last","strings":"utf16","timezone":"UTC"}
{"op":"bases_ordering","action":"compare","left":0,"right":"","nulls":"last","strings":"utf16","timezone":"UTC"}
{"op":"bases_ordering","action":"compare","left":0,"right":{"date":"2026-06-10"},"nulls":"last","strings":"utf16","timezone":"UTC"}
{"op":"bases_ordering","action":"compare","left":0,"right":{"date":"2026-06-10T00:00:00Z"},"nulls":"last","strings":"utf16","timezone":"UTC"}
{"op":"bases_ordering","action":"compare","left":0,"right":{"date":"2026-06-10T01:00:00Z"},"nulls":"last","strings":"utf16","timezone":"UTC"}
{"op":"bases_ordering","action":"compare","left":0,"right":null,"nulls":"last","strings":"utf16","timezone":"UTC"}
{"op":"bases_ordering","action":"compare","left":0,"right":false,"nulls":"last","strings":"utf16","timezone":"UTC"}
{"op":"bases_ordering","action":"compare","left":0,"right":true,"nulls":"last","strings":"utf16","timezone":"UTC"}
{"op":"bases_ordering","action":"compare","left":0,"right":-2,"nulls":"last","strings":"utf16","timezone":"UTC"}
{"op":"bases_ordering","action":"compare","left":0,"right":-1,"nulls":"last","strings":"utf16","timezone":"UTC"}
{"op":"bases_ordering","action":"compare","left":0,"right":0,"nulls":"last","strings":"utf16","timezone":"UTC"}
{"op":"bases_ordering","action":"compare","left":0,"right":0,"nulls":"last","strings":"utf16","timezone":"UTC"}
{"op":"bases_ordering","action":"compare","left":0,"right":1,"nulls":"last","strings":"utf16","timezone":"UTC"}
{"op":"bases_ordering","action":"compare","left":0,"right":1.5,"nulls":"last","strings":"utf16","timezone":"UTC"}
{"op":"bases_ordering","action":"compare","left":0,"right":"","nulls":"last","strings":"utf16","timezone":"UTC"}
{"op":"bases_ordering","action":"compare","left":0,"right":"1","nulls":"last","strings":"utf16","timezone":"UTC"}
{"op":"bases_ordering","action":"compare","left":0,"right":"a","nulls":"last","strings":"utf16","timezone":"UTC"}
{"op":"bases_ordering","action":"compare","left":0,"right":"B","nulls":"last","strings":"utf16","timezone":"UTC"}
{"op":"bases_ordering","action":"compare","left":0,"right":"😀","nulls":"last","strings":"utf16","timezone":"UTC"}
{"op":"bases_ordering","action":"compare","left":0,"right":"","nulls":"last","strings":"utf16","timezone":"UTC"}
{"op":"bases_ordering","action":"compare","left":0,"right":{"date":"2026-06-10"},"nulls":"last","strings":"utf16","timezone":"UTC"}
{"op":"bases_ordering","action":"compare","left":0,"right":{"date":"2026-06-10T00:00:00Z"},"nulls":"last","strings":"utf16","timezone":"UTC"}
{"op":"bases_ordering","action":"compare","left":0,"right":{"date":"2026-06-10T01:00:00Z"},"nulls":"last","strings":"utf16","timezone":"UTC"}
{"op":"bases_ordering","action":"compare","left":1,"right":null,"nulls":"last","strings":"utf16","timezone":"UTC"}
{"op":"bases_ordering","action":"compare","left":1,"right":false,"nulls":"last","strings":"utf16","timezone":"UTC"}
{"op":"bases_ordering","action":"compare","left":1,"right":true,"nulls":"last","strings":"utf16","timezone":"UTC"}
{"op":"bases_ordering","action":"compare","left":1,"right":-2,"nulls":"last","strings":"utf16","timezone":"UTC"}
{"op":"bases_ordering","action":"compare","left":1,"right":-1,"nulls":"last","strings":"utf16","timezone":"UTC"}
{"op":"bases_ordering","action":"compare","left":1,"right":0,"nulls":"last","strings":"utf16","timezone":"UTC"}
{"op":"bases_ordering","action":"compare","left":1,"right":0,"nulls":"last","strings":"utf16","timezone":"UTC"}
{"op":"bases_ordering","action":"compare","left":1,"right":1,"nulls":"last","strings":"utf16","timezone":"UTC"}
{"op":"bases_ordering","action":"compare","left":1,"right":1.5,"nulls":"last","strings":"utf16","timezone":"UTC"}
{"op":"bases_ordering","action":"compare","left":1,"right":"","nulls":"last","strings":"utf16","timezone":"UTC"}
{"op":"bases_ordering","action":"compare","left":1,"right":"1","nulls":"last","strings":"utf16","timezone":"UTC"}
{"op":"bases_ordering","action":"compare","left":1,"right":"a","nulls":"last","strings":"utf16","timezone":"UTC"}
{"op":"bases_ordering","action":"compare","left":1,"right":"B","nulls":"last","strings":"utf16","timezone":"UTC"}
{"op":"bases_ordering","action":"compare","left":1,"right":"😀","nulls":"last","strings":"utf16","timezone":"UTC"}
{"op":"bases_ordering","action":"compare","left":1,"right":"","nulls":"last","strings":"utf16","timezone":"UTC"}
{"op":"bases_ordering","action":"compare","left":1,"right":{"date":"2026-06-10"},"nulls":"last","strings":"utf16","timezone":"UTC"}
{"op":"bases_ordering","action":"compare","left":1,"right":{"date":"2026-06-10T00:00:00Z"},"nulls":"last","strings":"utf16","timezone":"UTC"}
{"op":"bases_ordering","action":"compare","left":1,"right":{"date":"2026-06-10T01:00:00Z"},"nulls":"last","strings":"utf16","timezone":"UTC"}
{"op":"bases_ordering","action":"compare","left":1.5,"right":null,"nulls":"last","strings":"utf16","timezone":"UTC"}
{"op":"bases_ordering","action":"compare","left":1.5,"right":false,"nulls":"last","strings":"utf16","timezone":"UTC"}
{"op":"bases_ordering","action":"compare","left":1.5,"right":true,"nulls":"last","strings":"utf16","timezone":"UTC"}
{"op":"bases_ordering","action":"compare","left":1.5,"right":-2,"nulls":"last","strings":"utf16","timezone":"UTC"}
{"op":"bases_ordering","action":"compare","left":1.5,"right":-1,"nulls":"last","strings":"utf16","timezone":"UTC"}
{"op":"bases_ordering","action":"compare","left":1.5,"right":0,"nulls":"last","strings":"utf16","timezone":"UTC"}
{"op":"bases_ordering","action":"compare","left":1.5,"right":0,"nulls":"last","strings":"utf16","timezone":"UTC"}
{"op":"bases_ordering","action":"compare","left":1.5,"right":1,"nulls":"last","strings":"utf16","timezone":"UTC"}
{"op":"bases_ordering","action":"compare","left":1.5,"right":1.5,"nulls":"last","strings":"utf16","timezone":"UTC"}
{"op":"bases_ordering","action":"compare","left":1.5,"right":"","nulls":"last","strings":"utf16","timezone":"UTC"}
{"op":"bases_ordering","action":"compare","left":1.5,"right":"1","nulls":"last","strings":"utf16","timezone":"UTC"}
{"op":"bases_ordering","action":"compare","left":1.5,"right":"a","nulls":"last","strings":"utf16","timezone":"UTC"}
{"op":"bases_ordering","action":"compare","left":1.5,"right":"B","nulls":"last","strings":"utf16","timezone":"UTC"}
{"op":"bases_ordering","action":"compare","left":1.5,"right":"😀","nulls":"last","strings":"utf16","timezone":"UTC"}
{"op":"bases_ordering","action":"compare","left":1.5,"right":"","nulls":"last","strings":"utf16","timezone":"UTC"}
{"op":"bases_ordering","action":"compare","left":1.5,"right":{"date":"2026-06-10"},"nulls":"last","strings":"utf16","timezone":"UTC"}
{"op":"bases_ordering","action":"compare","left":1.5,"right":{"date":"2026-06-10T00:00:00Z"},"nulls":"last","strings":"utf16","timezone":"UTC"}
{"op":"bases_ordering","action":"compare","left":1.5,"right":{"date":"2026-06-10T01:00:00Z"},"nulls":"last","strings":"utf16","timezone":"UTC"}
{"op":"bases_ordering","action":"compare","left":"","right":null,"nulls":"last","strings":"utf16","timezone":"UTC"}
{"op":"bases_ordering","action":"compare","left":"","right":false,"nulls":"last","strings":"utf16","timezone":"UTC"}
{"op":"bases_ordering","action":"compare","left":"","right":true,"nulls":"last","strings":"utf16","timezone":"UTC"}
{"op":"bases_ordering","action":"compare","left":"","right":-2,"nulls":"last","strings":"utf16","timezone":"UTC"}
{"op":"bases_ordering","action":"compare","left":"","right":-1,"nulls":"last","strings":"utf16","timezone":"UTC"}
{"op":"bases_ordering","action":"compare","left":"","right":0,"nulls":"last","strings":"utf16","timezone":"UTC"}
{"op":"bases_ordering","action":"compare","left":"","right":0,"nulls":"last","strings":"utf16","timezone":"UTC"}
{"op":"bases_ordering","action":"compare","left":"","right":1,"nulls":"last","strings":"utf16","timezone":"UTC"}
{"op":"bases_ordering","action":"compare","left":"","right":1.5,"nulls":"last","strings":"utf16","timezone":"UTC"}
{"op":"bases_ordering","action":"compare","left":"","right":"","nulls":"last","strings":"utf16","timezone":"UTC"}
{"op":"bases_ordering","action":"compare","left":"","right":"1","nulls":"last","strings":"utf16","timezone":"UTC"}
{"op":"bases_ordering","action":"compare","left":"","right":"a","nulls":"last","strings":"utf16","timezone":"UTC"}
{"op":"bases_ordering","action":"compare","left":"","right":"B","nulls":"last","strings":"utf16","timezone":"UTC"}
{"op":"bases_ordering","action":"compare","left":"","right":"😀","nulls":"last","strings":"utf16","timezone":"UTC"}
{"op":"bases_ordering","action":"compare","left":"","right":"","nulls":"last","strings":"utf16","timezone":"UTC"}
{"op":"bases_ordering","action":"compare","left":"","right":{"date":"2026-06-10"},"nulls":"last","strings":"utf16","timezone":"UTC"}
{"op":"bases_ordering","action":"compare","left":"","right":{"date":"2026-06-10T00:00:00Z"},"nulls":"last","strings":"utf16","timezone":"UTC"}
{"op":"bases_ordering","action":"compare","left":"","right":{"date":"2026-06-10T01:00:00Z"},"nulls":"last","strings":"utf16","timezone":"UTC"}
{"op":"bases_ordering","action":"compare","left":"1","right":null,"nulls":"last","strings":"utf16","timezone":"UTC"}
{"op":"bases_ordering","action":"compare","left":"1","right":false,"nulls":"last","strings":"utf16","timezone":"UTC"}
{"op":"bases_ordering","action":"compare","left":"1","right":true,"nulls":"last","strings":"utf16","timezone":"UTC"}
{"op":"bases_ordering","action":"compare","left":"1","right":-2,"nulls":"last","strings":"utf16","timezone":"UTC"}
{"op":"bases_ordering","action":"compare","left":"1","right":-1,"nulls":"last","strings":"utf16","timezone":"UTC"}
{"op":"bases_ordering","action":"compare","left":"1","right":0,"nulls":"last","strings":"utf16","timezone":"UTC"}
{"op":"bases_ordering","action":"compare","left":"1","right":0,"nulls":"last","strings":"utf16","timezone":"UTC"}
{"op":"bases_ordering","action":"compare","left":"1","right":1,"nulls":"last","strings":"utf16","timezone":"UTC"}
{"op":"bases_ordering","action":"compare","left":"1","right":1.5,"nulls":"last","strings":"utf16","timezone":"UTC"}
{"op":"bases_ordering","action":"compare","left":"1","right":"","nulls":"last","strings":"utf16","timezone":"UTC"}
{"op":"bases_ordering","action":"compare","left":"1","right":"1","nulls":"last","strings":"utf16","timezone":"UTC"}
{"op":"bases_ordering","action":"compare","left":"1","right":"a","nulls":"last","strings":"utf16","timezone":"UTC"}
{"op":"bases_ordering","action":"compare","left":"1","right":"B","nulls":"last","strings":"utf16","timezone":"UTC"}
{"op":"bases_ordering","action":"compare","left":"1","right":"😀","nulls":"last","strings":"utf16","timezone":"UTC"}
{"op":"bases_ordering","action":"compare","left":"1","right":"","nulls":"last","strings":"utf16","timezone":"UTC"}
{"op":"bases_ordering","action":"compare","left":"1","right":{"date":"2026-06-10"},"nulls":"last","strings":"utf16","timezone":"UTC"}
{"op":"bases_ordering","action":"compare","left":"1","right":{"date":"2026-06-10T00:00:00Z"},"nulls":"last","strings":"utf16","timezone":"UTC"}
{"op":"bases_ordering","action":"compare","left":"1","right":{"date":"2026-06-10T01:00:00Z"},"nulls":"last","strings":"utf16","timezone":"UTC"}
{"op":"bases_ordering","action":"compare","left":"a","right":null,"nulls":"last","strings":"utf16","timezone":"UTC"}
{"op":"bases_ordering","action":"compare","left":"a","right":false,"nulls":"last","strings":"utf16","timezone":"UTC"}
{"op":"bases_ordering","action":"compare","left":"a","right":true,"nulls":"last","strings":"utf16","timezone":"UTC"}
{"op":"bases_ordering","action":"compare","left":"a","right":-2,"nulls":"last","strings":"utf16","timezone":"UTC"}
{"op":"bases_ordering","action":"compare","left":"a","right":-1,"nulls":"last","strings":"utf16","timezone":"UTC"}
{"op":"bases_ordering","action":"compare","left":"a","right":0,"nulls":"last","strings":"utf16","timezone":"UTC"}
{"op":"bases_ordering","action":"compare","left":"a","right":0,"nulls":"last","strings":"utf16","timezone":"UTC"}
{"op":"bases_ordering","action":"compare","left":"a","right":1,"nulls":"last","strings":"utf16","timezone":"UTC"}
{"op":"bases_ordering","action":"compare","left":"a","right":1.5,"nulls":"last","strings":"utf16","timezone":"UTC"}
{"op":"bases_ordering","action":"compare","left":"a","right":"","nulls":"last","strings":"utf16","timezone":"UTC"}
{"op":"bases_ordering","action":"compare","left":"a","right":"1","nulls":"last","strings":"utf16","timezone":"UTC"}
{"op":"bases_ordering","action":"compare","left":"a","right":"a","nulls":"last","strings":"utf16","timezone":"UTC"}
{"op":"bases_ordering","action":"compare","left":"a","right":"B","nulls":"last","strings":"utf16","timezone":"UTC"}
{"op":"bases_ordering","action":"compare","left":"a","right":"😀","nulls":"last","strings":"utf16","timezone":"UTC"}
{"op":"bases_ordering","action":"compare","left":"a","right":"","nulls":"last","strings":"utf16","timezone":"UTC"}
{"op":"bases_ordering","action":"compare","left":"a","right":{"date":"2026-06-10"},"nulls":"last","strings":"utf16","timezone":"UTC"}
{"op":"bases_ordering","action":"compare","left":"a","right":{"date":"2026-06-10T00:00:00Z"},"nulls":"last","strings":"utf16","timezone":"UTC"}
{"op":"bases_ordering","action":"compare","left":"a","right":{"date":"2026-06-10T01:00:00Z"},"nulls":"last","strings":"utf16","timezone":"UTC"}
{"op":"bases_ordering","action":"compare","left":"B","right":null,"nulls":"last","strings":"utf16","timezone":"UTC"}
{"op":"bases_ordering","action":"compare","left":"B","right":false,"nulls":"last","strings":"utf16","timezone":"UTC"}
{"op":"bases_ordering","action":"compare","left":"B","right":true,"nulls":"last","strings":"utf16","timezone":"UTC"}
{"op":"bases_ordering","action":"compare","left":"B","right":-2,"nulls":"last","strings":"utf16","timezone":"UTC"}
{"op":"bases_ordering","action":"compare","left":"B","right":-1,"nulls":"last","strings":"utf16","timezone":"UTC"}
{"op":"bases_ordering","action":"compare","left":"B","right":0,"nulls":"last","strings":"utf16","timezone":"UTC"}
{"op":"bases_ordering","action":"compare","left":"B","right":0,"nulls":"last","strings":"utf16","timezone":"UTC"}
{"op":"bases_ordering","action":"compare","left":"B","right":1,"nulls":"last","strings":"utf16","timezone":"UTC"}
{"op":"bases_ordering","action":"compare","left":"B","right":1.5,"nulls":"last","strings":"utf16","timezone":"UTC"}
{"op":"bases_ordering","action":"compare","left":"B","right":"","nulls":"last","strings":"utf16","timezone":"UTC"}
{"op":"bases_ordering","action":"compare","left":"B","right":"1","nulls":"last","strings":"utf16","timezone":"UTC"}
{"op":"bases_ordering","action":"compare","left":"B","right":"a","nulls":"last","strings":"utf16","timezone":"UTC"}
{"op":"bases_ordering","action":"compare","left":"B","right":"B","nulls":"last","strings":"utf16","timezone":"UTC"}
{"op":"bases_ordering","action":"compare","left":"B","right":"😀","nulls":"last","strings":"utf16","timezone":"UTC"}
{"op":"bases_ordering","action":"compare","left":"B","right":"","nulls":"last","strings":"utf16","timezone":"UTC"}
{"op":"bases_ordering","action":"compare","left":"B","right":{"date":"2026-06-10"},"nulls":"last","strings":"utf16","timezone":"UTC"}
{"op":"bases_ordering","action":"compare","left":"B","right":{"date":"2026-06-10T00:00:00Z"},"nulls":"last","strings":"utf16","timezone":"UTC"}
{"op":"bases_ordering","action":"compare","left":"B","right":{"date":"2026-06-10T01:00:00Z"},"nulls":"last","strings":"utf16","timezone":"UTC"}
{"op":"bases_ordering","action":"compare","left":"😀","right":null,"nulls":"last","strings":"utf16","timezone":"UTC"}
{"op":"bases_ordering","action":"compare","left":"😀","right":false,"nulls":"last","strings":"utf16","timezone":"UTC"}
{"op":"bases_ordering","action":"compare","left":"😀","right":true,"nulls":"last","strings":"utf16","timezone":"UTC"}
{"op":"bases_ordering","action":"compare","left":"😀","right":-2,"nulls":"last","strings":"utf16","timezone":"UTC"}
{"op":"bases_ordering","action":"compare","left":"😀","right":-1,"nulls":"last","strings":"utf16","timezone":"UTC"}
{"op":"bases_ordering","action":"compare","left":"😀","right":0,"nulls":"last","strings":"utf16","timezone":"UTC"}
{"op":"bases_ordering","action":"compare","left":"😀","right":0,"nulls":"last","strings":"utf16","timezone":"UTC"}
{"op":"bases_ordering","action":"compare","left":"😀","right":1,"nulls":"last","strings":"utf16","timezone":"UTC"}
{"op":"bases_ordering","action":"compare","left":"😀","right":1.5,"nulls":"last","strings":"utf16","timezone":"UTC"}
{"op":"bases_ordering","action":"compare","left":"😀","right":"","nulls":"last","strings":"utf16","timezone":"UTC"}
{"op":"bases_ordering","action":"compare","left":"😀","right":"1","nulls":"last","strings":"utf16","timezone":"UTC"}
{"op":"bases_ordering","action":"compare","left":"😀","right":"a","nulls":"last","strings":"utf16","timezone":"UTC"}
{"op":"bases_ordering","action":"compare","left":"😀","right":"B","nulls":"last","strings":"utf16","timezone":"UTC"}
{"op":"bases_ordering","action":"compare","left":"😀","right":"😀","nulls":"last","strings":"utf16","timezone":"UTC"}
{"op":"bases_ordering","action":"compare","left":"😀","right":"","nulls":"last","strings":"utf16","timezone":"UTC"}
{"op":"bases_ordering","action":"compare","left":"😀","right":{"date":"2026-06-10"},"nulls":"last","strings":"utf16","timezone":"UTC"}
{"op":"bases_ordering","action":"compare","left":"😀","right":{"date":"2026-06-10T00:00:00Z"},"nulls":"last","strings":"utf16","timezone":"UTC"}
{"op":"bases_ordering","action":"compare","left":"😀","right":{"date":"2026-06-10T01:00:00Z"},"nulls":"last","strings":"utf16","timezone":"UTC"}
{"op":"bases_ordering","action":"compare","left":"","right":null,"nulls":"last","strings":"utf16","timezone":"UTC"}
{"op":"bases_ordering","action":"compare","left":"","right":false,"nulls":"last","strings":"utf16","timezone":"UTC"}
{"op":"bases_ordering","action":"compare","left":"","right":true,"nulls":"last","strings":"utf16","timezone":"UTC"}
{"op":"bases_ordering","action":"compare","left":"","right":-2,"nulls":"last","strings":"utf16","timezone":"UTC"}
{"op":"bases_ordering","action":"compare","left":"","right":-1,"nulls":"last","strings":"utf16","timezone":"UTC"}
{"op":"bases_ordering","action":"compare","left":"","right":0,"nulls":"last","strings":"utf16","timezone":"UTC"}
{"op":"bases_ordering","action":"compare","left":"","right":0,"nulls":"last","strings":"utf16","timezone":"UTC"}
{"op":"bases_ordering","action":"compare","left":"","right":1,"nulls":"last","strings":"utf16","timezone":"UTC"}
{"op":"bases_ordering","action":"compare","left":"","right":1.5,"nulls":"last","strings":"utf16","timezone":"UTC"}
{"op":"bases_ordering","action":"compare","left":"","right":"","nulls":"last","strings":"utf16","timezone":"UTC"}
{"op":"bases_ordering","action":"compare","left":"","right":"1","nulls":"last","strings":"utf16","timezone":"UTC"}
{"op":"bases_ordering","action":"compare","left":"","right":"a","nulls":"last","strings":"utf16","timezone":"UTC"}
{"op":"bases_ordering","action":"compare","left":"","right":"B","nulls":"last","strings":"utf16","timezone":"UTC"}
{"op":"bases_ordering","action":"compare","left":"","right":"😀","nulls":"last","strings":"utf16","timezone":"UTC"}
{"op":"bases_ordering","action":"compare","left":"","right":"","nulls":"last","strings":"utf16","timezone":"UTC"}
{"op":"bases_ordering","action":"compare","left":"","right":{"date":"2026-06-10"},"nulls":"last","strings":"utf16","timezone":"UTC"}
{"op":"bases_ordering","action":"compare","left":"","right":{"date":"2026-06-10T00:00:00Z"},"nulls":"last","strings":"utf16","timezone":"UTC"}
{"op":"bases_ordering","action":"compare","left":"","right":{"date":"2026-06-10T01:00:00Z"},"nulls":"last","strings":"utf16","timezone":"UTC"}
{"op":"bases_ordering","action":"compare","left":{"date":"2026-06-10"},"right":null,"nulls":"last","strings":"utf16","timezone":"UTC"}
{"op":"bases_ordering","action":"compare","left":{"date":"2026-06-10"},"right":false,"nulls":"last","strings":"utf16","timezone":"UTC"}
{"op":"bases_ordering","action":"compare","left":{"date":"2026-06-10"},"right":true,"nulls":"last","strings":"utf16","timezone":"UTC"}
{"op":"bases_ordering","action":"compare","left":{"date":"2026-06-10"},"right":-2,"nulls":"last","strings":"utf16","timezone":"UTC"}
{"op":"bases_ordering","action":"compare","left":{"date":"2026-06-10"},"right":-1,"nulls":"last","strings":"utf16","timezone":"UTC"}
{"op":"bases_ordering","action":"compare","left":{"date":"2026-06-10"},"right":0,"nulls":"last","strings":"utf16","timezone":"UTC"}
{"op":"bases_ordering","action":"compare","left":{"date":"2026-06-10"},"right":0,"nulls":"last","strings":"utf16","timezone":"UTC"}
{"op":"bases_ordering","action":"compare","left":{"date":"2026-06-10"},"right":1,"nulls":"last","strings":"utf16","timezone":"UTC"}
{"op":"bases_ordering","action":"compare","left":{"date":"2026-06-10"},"right":1.5,"nulls":"last","strings":"utf16","timezone":"UTC"}
{"op":"bases_ordering","action":"compare","left":{"date":"2026-06-10"},"right":"","nulls":"last","strings":"utf16","timezone":"UTC"}
{"op":"bases_ordering","action":"compare","left":{"date":"2026-06-10"},"right":"1","nulls":"last","strings":"utf16","timezone":"UTC"}
{"op":"bases_ordering","action":"compare","left":{"date":"2026-06-10"},"right":"a","nulls":"last","strings":"utf16","timezone":"UTC"}
{"op":"bases_ordering","action":"compare","left":{"date":"2026-06-10"},"right":"B","nulls":"last","strings":"utf16","timezone":"UTC"}
{"op":"bases_ordering","action":"compare","left":{"date":"2026-06-10"},"right":"😀","nulls":"last","strings":"utf16","timezone":"UTC"}
{"op":"bases_ordering","action":"compare","left":{"date":"2026-06-10"},"right":"","nulls":"last","strings":"utf16","timezone":"UTC"}
{"op":"bases_ordering","action":"compare","left":{"date":"2026-06-10"},"right":{"date":"2026-06-10"},"nulls":"last","strings":"utf16","timezone":"UTC"}
{"op":"bases_ordering","action":"compare","left":{"date":"2026-06-10"},"right":{"date":"2026-06-10T00:00:00Z"},"nulls":"last","strings":"utf16","timezone":"UTC"}
{"op":"bases_ordering","action":"compare","left":{"date":"2026-06-10"},"right":{"date":"2026-06-10T01:00:00Z"},"nulls":"last","strings":"utf16","timezone":"UTC"}
{"op":"bases_ordering","action":"compare","left":{"date":"2026-06-10T00:00:00Z"},"right":null,"nulls":"last","strings":"utf16","timezone":"UTC"}
{"op":"bases_ordering","action":"compare","left":{"date":"2026-06-10T00:00:00Z"},"right":false,"nulls":"last","strings":"utf16","timezone":"UTC"}
{"op":"bases_ordering","action":"compare","left":{"date":"2026-06-10T00:00:00Z"},"right":true,"nulls":"last","strings":"utf16","timezone":"UTC"}
{"op":"bases_ordering","action":"compare","left":{"date":"2026-06-10T00:00:00Z"},"right":-2,"nulls":"last","strings":"utf16","timezone":"UTC"}
{"op":"bases_ordering","action":"compare","left":{"date":"2026-06-10T00:00:00Z"},"right":-1,"nulls":"last","strings":"utf16","timezone":"UTC"}
{"op":"bases_ordering","action":"compare","left":{"date":"2026-06-10T00:00:00Z"},"right":0,"nulls":"last","strings":"utf16","timezone":"UTC"}
{"op":"bases_ordering","action":"compare","left":{"date":"2026-06-10T00:00:00Z"},"right":0,"nulls":"last","strings":"utf16","timezone":"UTC"}
{"op":"bases_ordering","action":"compare","left":{"date":"2026-06-10T00:00:00Z"},"right":1,"nulls":"last","strings":"utf16","timezone":"UTC"}
{"op":"bases_ordering","action":"compare","left":{"date":"2026-06-10T00:00:00Z"},"right":1.5,"nulls":"last","strings":"utf16","timezone":"UTC"}
{"op":"bases_ordering","action":"compare","left":{"date":"2026-06-10T00:00:00Z"},"right":"","nulls":"last","strings":"utf16","timezone":"UTC"}
{"op":"bases_ordering","action":"compare","left":{"date":"2026-06-10T00:00:00Z"},"right":"1","nulls":"last","strings":"utf16","timezone":"UTC"}
{"op":"bases_ordering","action":"compare","left":{"date":"2026-06-10T00:00:00Z"},"right":"a","nulls":"last","strings":"utf16","timezone":"UTC"}
{"op":"bases_ordering","action":"compare","left":{"date":"2026-06-10T00:00:00Z"},"right":"B","nulls":"last","strings":"utf16","timezone":"UTC"}
{"op":"bases_ordering","action":"compare","left":{"date":"2026-06-10T00:00:00Z"},"right":"😀","nulls":"last","strings":"utf16","timezone":"UTC"}
{"op":"bases_ordering","action":"compare","left":{"date":"2026-06-10T00:00:00Z"},"right":"","nulls":"last","strings":"utf16","timezone":"UTC"}
{"op":"bases_ordering","action":"compare","left":{"date":"2026-06-10T00:00:00Z"},"right":{"date":"2026-06-10"},"nulls":"last","strings":"utf16","timezone":"UTC"}
{"op":"bases_ordering","action":"compare","left":{"date":"2026-06-10T00:00:00Z"},"right":{"date":"2026-06-10T00:00:00Z"},"nulls":"last","strings":"utf16","timezone":"UTC"}
{"op":"bases_ordering","action":"compare","left":{"date":"2026-06-10T00:00:00Z"},"right":{"date":"2026-06-10T01:00:00Z"},"nulls":"last","strings":"utf16","timezone":"UTC"}
{"op":"bases_ordering","action":"compare","left":{"date":"2026-06-10T01:00:00Z"},"right":null,"nulls":"last","strings":"utf16","timezone":"UTC"}
{"op":"bases_ordering","action":"compare","left":{"date":"2026-06-10T01:00:00Z"},"right":false,"nulls":"last","strings":"utf16","timezone":"UTC"}
{"op":"bases_ordering","action":"compare","left":{"date":"2026-06-10T01:00:00Z"},"right":true,"nulls":"last","strings":"utf16","timezone":"UTC"}
{"op":"bases_ordering","action":"compare","left":{"date":"2026-06-10T01:00:00Z"},"right":-2,"nulls":"last","strings":"utf16","timezone":"UTC"}
{"op":"bases_ordering","action":"compare","left":{"date":"2026-06-10T01:00:00Z"},"right":-1,"nulls":"last","strings":"utf16","timezone":"UTC"}
{"op":"bases_ordering","action":"compare","left":{"date":"2026-06-10T01:00:00Z"},"right":0,"nulls":"last","strings":"utf16","timezone":"UTC"}
{"op":"bases_ordering","action":"compare","left":{"date":"2026-06-10T01:00:00Z"},"right":0,"nulls":"last","strings":"utf16","timezone":"UTC"}
{"op":"bases_ordering","action":"compare","left":{"date":"2026-06-10T01:00:00Z"},"right":1,"nulls":"last","strings":"utf16","timezone":"UTC"}
{"op":"bases_ordering","action":"compare","left":{"date":"2026-06-10T01:00:00Z"},"right":1.5,"nulls":"last","strings":"utf16","timezone":"UTC"}
{"op":"bases_ordering","action":"compare","left":{"date":"2026-06-10T01:00:00Z"},"right":"","nulls":"last","strings":"utf16","timezone":"UTC"}
{"op":"bases_ordering","action":"compare","left":{"date":"2026-06-10T01:00:00Z"},"right":"1","nulls":"last","strings":"utf16","timezone":"UTC"}
{"op":"bases_ordering","action":"compare","left":{"date":"2026-06-10T01:00:00Z"},"right":"a","nulls":"last","strings":"utf16","timezone":"UTC"}
{"op":"bases_ordering","action":"compare","left":{"date":"2026-06-10T01:00:00Z"},"right":"B","nulls":"last","strings":"utf16","timezone":"UTC"}
{"op":"bases_ordering","action":"compare","left":{"date":"2026-06-10T01:00:00Z"},"right":"😀","nulls":"last","strings":"utf16","timezone":"UTC"}
{"op":"bases_ordering","action":"compare","left":{"date":"2026-06-10T01:00:00Z"},"right":"","nulls":"last","strings":"utf16","timezone":"UTC"}
{"op":"bases_ordering","action":"compare","left":{"date":"2026-06-10T01:00:00Z"},"right":{"date":"2026-06-10"},"nulls":"last","strings":"utf16","timezone":"UTC"}
{"op":"bases_ordering","action":"compare","left":{"date":"2026-06-10T01:00:00Z"},"right":{"date":"2026-06-10T00:00:00Z"},"nulls":"last","strings":"utf16","timezone":"UTC"}
{"op":"bases_ordering","action":"compare","left":{"date":"2026-06-10T01:00:00Z"},"right":{"date":"2026-06-10T01:00:00Z"},"nulls":"last","strings":"utf16","timezone":"UTC"}
{"op":"bases_ordering","action":"compare","left":null,"right":null}
{"op":"bases_ordering","action":"compare","left":null,"right":1}
{"op":"bases_ordering","action":"compare","left":"a","right":"a"}
{"op":"bases_ordering","action":"compare","left":"a","right":"b"}
{"op":"bases_ordering","action":"compare","left":null,"right":null,"nulls":"first"}
{"op":"bases_ordering","action":"compare","left":null,"right":1,"nulls":"first"}
{"op":"bases_ordering","action":"compare","left":"a","right":"a","nulls":"first"}
{"op":"bases_ordering","action":"compare","left":"a","right":"b","nulls":"first"}
{"op":"bases_ordering","action":"compare","left":null,"right":null,"nulls":"unavailable","strings":"utf16"}
{"op":"bases_ordering","action":"compare","left":null,"right":1,"nulls":"unavailable","strings":"utf16"}
{"op":"bases_ordering","action":"compare","left":"a","right":"a","nulls":"unavailable","strings":"utf16"}
{"op":"bases_ordering","action":"compare","left":"a","right":"b","nulls":"unavailable","strings":"utf16"}
{"op":"bases_ordering","action":"compare","left":null,"right":null,"nulls":"last","strings":"unavailable"}
{"op":"bases_ordering","action":"compare","left":null,"right":1,"nulls":"last","strings":"unavailable"}
{"op":"bases_ordering","action":"compare","left":"a","right":"a","nulls":"last","strings":"unavailable"}
{"op":"bases_ordering","action":"compare","left":"a","right":"b","nulls":"last","strings":"unavailable"}
{"op":"bases_ordering","action":"order","keys":[[1,"b"],[null,"a"],[1,"a"],[0,"b"],[1,"a"]],"directions":["ASC","ASC"],"nulls":"last","strings":"utf16","timezone":"UTC"}
{"op":"bases_ordering","action":"order","keys":[[1,"b"],[null,"a"],[1,"a"],[0,"b"],[1,"a"]],"directions":["ASC","DESC"],"nulls":"last","strings":"utf16","timezone":"UTC"}
{"op":"bases_ordering","action":"order","keys":[[1,"b"],[null,"a"],[1,"a"],[0,"b"],[1,"a"]],"directions":["DESC","ASC"],"nulls":"last","strings":"utf16","timezone":"UTC"}
{"op":"bases_ordering","action":"order","keys":[[1,"b"],[null,"a"],[1,"a"],[0,"b"],[1,"a"]],"directions":["DESC","DESC"],"nulls":"last","strings":"utf16","timezone":"UTC"}
{"op":"bases_ordering","action":"order","keys":[],"directions":[],"nulls":"last","strings":"utf16","timezone":"UTC"}
{"op":"bases_ordering","action":"order","keys":[[],[],[]],"directions":[],"nulls":"last","strings":"utf16","timezone":"UTC"}
{"op":"bases_ordering","action":"order","keys":[[1],[2]],"directions":["ASC"],"nulls":"last","strings":"utf16","timezone":"UTC"}
{"op":"bases_ordering","action":"order","keys":[[true],[false],[true]],"directions":["ASC"],"nulls":"last","strings":"utf16","timezone":"UTC"}
{"op":"bases_ordering","action":"order","keys":[[{"date":"2026-06-10T01:00:00Z"}],[{"date":"2026-06-10"}],[{"date":"2026-06-10T00:00:00Z"}]],"directions":["ASC"],"nulls":"last","strings":"utf16","timezone":"UTC"}
{"op":"bases_ordering","action":"order","keys":[[],[1]],"directions":["ASC"],"nulls":"last","strings":"utf16","timezone":"UTC"}
{"op":"bases_ordering","action":"order","keys":[[1],[null]],"directions":["ASC"]}
{"op":"bases_ordering","action":"order","keys":[["b"],["a"]],"directions":["ASC"]}
{"op":"bases_ordering","action":"groups","values":[],"date_groups":"unavailable","timezone":"UTC"}
{"op":"bases_ordering","action":"groups","values":[],"date_groups":"instant","timezone":"UTC"}
{"op":"bases_ordering","action":"groups","values":[1,"1",null,"",false,0,0,1],"date_groups":"unavailable","timezone":"UTC"}
{"op":"bases_ordering","action":"groups","values":[1,"1",null,"",false,0,0,1],"date_groups":"instant","timezone":"UTC"}
{"op":"bases_ordering","action":"groups","values":[true,false,true],"date_groups":"unavailable","timezone":"UTC"}
{"op":"bases_ordering","action":"groups","values":[true,false,true],"date_groups":"instant","timezone":"UTC"}
{"op":"bases_ordering","action":"groups","values":["a","B","a","😀"],"date_groups":"unavailable","timezone":"UTC"}
{"op":"bases_ordering","action":"groups","values":["a","B","a","😀"],"date_groups":"instant","timezone":"UTC"}
{"op":"bases_ordering","action":"groups","values":[{"date":"2026-06-10"},{"date":"2026-06-10T00:00:00Z"},"2026-06-10"],"date_groups":"unavailable","timezone":"UTC"}
{"op":"bases_ordering","action":"groups","values":[{"date":"2026-06-10"},{"date":"2026-06-10T00:00:00Z"},"2026-06-10"],"date_groups":"instant","timezone":"UTC"}
{"op":"bases_ordering","action":"compare","left":[],"right":null,"nulls":"last","strings":"utf16","timezone":"UTC"}
{"op":"bases_ordering","action":"groups","values":[[]]}
{"op":"bases_ordering","action":"compare","left":{},"right":null,"nulls":"last","strings":"utf16","timezone":"UTC"}
{"op":"bases_ordering","action":"groups","values":[{}]}
{"op":"bases_ordering","action":"compare","left":{"error":"synthetic"},"right":null,"nulls":"last","strings":"utf16","timezone":"UTC"}
{"op":"bases_ordering","action":"groups","values":[{"error":"synthetic"}]}
{"op":"bases_ordering","action":"compare","left":{"date":"2026-06-10"},"right":{"date":"2026-06-11"}}
