# Independent upstream-source JS Boolean/filter-set observations; explicit capability/shape/cycle/error/cancel refusals
{"op":"bases_filter","source":"---\nstatus: open\npriority: normal\ndue: 2026-06-10\nscheduled: 2026-06-12\ncount: 2\ndone: false\n---\n","property_types":{},"timezone":"UTC","now_ms":1781075828070,"shared":"true","local":"true"}
{"op":"bases_filter","source":"---\nstatus: open\npriority: normal\ndue: 2026-06-10\nscheduled: 2026-06-12\ncount: 2\ndone: false\n---\n","property_types":{},"timezone":"UTC","now_ms":1781075828070,"shared":"true","local":"false"}
{"op":"bases_filter","source":"---\nstatus: open\npriority: normal\ndue: 2026-06-10\nscheduled: 2026-06-12\ncount: 2\ndone: false\n---\n","property_types":{},"timezone":"UTC","now_ms":1781075828070,"shared":"true","local":"note.status == \"open\""}
{"op":"bases_filter","source":"---\nstatus: open\npriority: normal\ndue: 2026-06-10\nscheduled: 2026-06-12\ncount: 2\ndone: false\n---\n","property_types":{},"timezone":"UTC","now_ms":1781075828070,"shared":"true","local":"note.done"}
{"op":"bases_filter","source":"---\nstatus: open\npriority: normal\ndue: 2026-06-10\nscheduled: 2026-06-12\ncount: 2\ndone: false\n---\n","property_types":{},"timezone":"UTC","now_ms":1781075828070,"shared":"false","local":"true"}
{"op":"bases_filter","source":"---\nstatus: open\npriority: normal\ndue: 2026-06-10\nscheduled: 2026-06-12\ncount: 2\ndone: false\n---\n","property_types":{},"timezone":"UTC","now_ms":1781075828070,"shared":"false","local":"false"}
{"op":"bases_filter","source":"---\nstatus: open\npriority: normal\ndue: 2026-06-10\nscheduled: 2026-06-12\ncount: 2\ndone: false\n---\n","property_types":{},"timezone":"UTC","now_ms":1781075828070,"shared":"false","local":"note.status == \"open\""}
{"op":"bases_filter","source":"---\nstatus: open\npriority: normal\ndue: 2026-06-10\nscheduled: 2026-06-12\ncount: 2\ndone: false\n---\n","property_types":{},"timezone":"UTC","now_ms":1781075828070,"shared":"false","local":"note.done"}
{"op":"bases_filter","source":"---\nstatus: open\npriority: normal\ndue: 2026-06-10\nscheduled: 2026-06-12\ncount: 2\ndone: false\n---\n","property_types":{},"timezone":"UTC","now_ms":1781075828070,"shared":"null","local":"true"}
{"op":"bases_filter","source":"---\nstatus: open\npriority: normal\ndue: 2026-06-10\nscheduled: 2026-06-12\ncount: 2\ndone: false\n---\n","property_types":{},"timezone":"UTC","now_ms":1781075828070,"shared":"null","local":"false"}
{"op":"bases_filter","source":"---\nstatus: open\npriority: normal\ndue: 2026-06-10\nscheduled: 2026-06-12\ncount: 2\ndone: false\n---\n","property_types":{},"timezone":"UTC","now_ms":1781075828070,"shared":"null","local":"note.status == \"open\""}
{"op":"bases_filter","source":"---\nstatus: open\npriority: normal\ndue: 2026-06-10\nscheduled: 2026-06-12\ncount: 2\ndone: false\n---\n","property_types":{},"timezone":"UTC","now_ms":1781075828070,"shared":"null","local":"note.done"}
{"op":"bases_filter","source":"---\nstatus: open\npriority: normal\ndue: 2026-06-10\nscheduled: 2026-06-12\ncount: 2\ndone: false\n---\n","property_types":{},"timezone":"UTC","now_ms":1781075828070,"shared":"0","local":"true"}
{"op":"bases_filter","source":"---\nstatus: open\npriority: normal\ndue: 2026-06-10\nscheduled: 2026-06-12\ncount: 2\ndone: false\n---\n","property_types":{},"timezone":"UTC","now_ms":1781075828070,"shared":"0","local":"false"}
{"op":"bases_filter","source":"---\nstatus: open\npriority: normal\ndue: 2026-06-10\nscheduled: 2026-06-12\ncount: 2\ndone: false\n---\n","property_types":{},"timezone":"UTC","now_ms":1781075828070,"shared":"0","local":"note.status == \"open\""}
{"op":"bases_filter","source":"---\nstatus: open\npriority: normal\ndue: 2026-06-10\nscheduled: 2026-06-12\ncount: 2\ndone: false\n---\n","property_types":{},"timezone":"UTC","now_ms":1781075828070,"shared":"0","local":"note.done"}
{"op":"bases_filter","source":"---\nstatus: open\npriority: normal\ndue: 2026-06-10\nscheduled: 2026-06-12\ncount: 2\ndone: false\n---\n","property_types":{},"timezone":"UTC","now_ms":1781075828070,"shared":"1","local":"true"}
{"op":"bases_filter","source":"---\nstatus: open\npriority: normal\ndue: 2026-06-10\nscheduled: 2026-06-12\ncount: 2\ndone: false\n---\n","property_types":{},"timezone":"UTC","now_ms":1781075828070,"shared":"1","local":"false"}
{"op":"bases_filter","source":"---\nstatus: open\npriority: normal\ndue: 2026-06-10\nscheduled: 2026-06-12\ncount: 2\ndone: false\n---\n","property_types":{},"timezone":"UTC","now_ms":1781075828070,"shared":"1","local":"note.status == \"open\""}
{"op":"bases_filter","source":"---\nstatus: open\npriority: normal\ndue: 2026-06-10\nscheduled: 2026-06-12\ncount: 2\ndone: false\n---\n","property_types":{},"timezone":"UTC","now_ms":1781075828070,"shared":"1","local":"note.done"}
{"op":"bases_filter","source":"---\nstatus: open\npriority: normal\ndue: 2026-06-10\nscheduled: 2026-06-12\ncount: 2\ndone: false\n---\n","property_types":{},"timezone":"UTC","now_ms":1781075828070,"shared":"''","local":"true"}
{"op":"bases_filter","source":"---\nstatus: open\npriority: normal\ndue: 2026-06-10\nscheduled: 2026-06-12\ncount: 2\ndone: false\n---\n","property_types":{},"timezone":"UTC","now_ms":1781075828070,"shared":"''","local":"false"}
{"op":"bases_filter","source":"---\nstatus: open\npriority: normal\ndue: 2026-06-10\nscheduled: 2026-06-12\ncount: 2\ndone: false\n---\n","property_types":{},"timezone":"UTC","now_ms":1781075828070,"shared":"''","local":"note.status == \"open\""}
{"op":"bases_filter","source":"---\nstatus: open\npriority: normal\ndue: 2026-06-10\nscheduled: 2026-06-12\ncount: 2\ndone: false\n---\n","property_types":{},"timezone":"UTC","now_ms":1781075828070,"shared":"''","local":"note.done"}
{"op":"bases_filter","source":"---\nstatus: open\npriority: normal\ndue: 2026-06-10\nscheduled: 2026-06-12\ncount: 2\ndone: false\n---\n","property_types":{},"timezone":"UTC","now_ms":1781075828070,"shared":"'x'","local":"true"}
{"op":"bases_filter","source":"---\nstatus: open\npriority: normal\ndue: 2026-06-10\nscheduled: 2026-06-12\ncount: 2\ndone: false\n---\n","property_types":{},"timezone":"UTC","now_ms":1781075828070,"shared":"'x'","local":"false"}
{"op":"bases_filter","source":"---\nstatus: open\npriority: normal\ndue: 2026-06-10\nscheduled: 2026-06-12\ncount: 2\ndone: false\n---\n","property_types":{},"timezone":"UTC","now_ms":1781075828070,"shared":"'x'","local":"note.status == \"open\""}
{"op":"bases_filter","source":"---\nstatus: open\npriority: normal\ndue: 2026-06-10\nscheduled: 2026-06-12\ncount: 2\ndone: false\n---\n","property_types":{},"timezone":"UTC","now_ms":1781075828070,"shared":"'x'","local":"note.done"}
{"op":"bases_filter","source":"---\nstatus: open\npriority: normal\ndue: 2026-06-10\nscheduled: 2026-06-12\ncount: 2\ndone: false\n---\n","property_types":{},"timezone":"UTC","now_ms":1781075828070,"shared":"[]","local":"true"}
{"op":"bases_filter","source":"---\nstatus: open\npriority: normal\ndue: 2026-06-10\nscheduled: 2026-06-12\ncount: 2\ndone: false\n---\n","property_types":{},"timezone":"UTC","now_ms":1781075828070,"shared":"[]","local":"false"}
{"op":"bases_filter","source":"---\nstatus: open\npriority: normal\ndue: 2026-06-10\nscheduled: 2026-06-12\ncount: 2\ndone: false\n---\n","property_types":{},"timezone":"UTC","now_ms":1781075828070,"shared":"[]","local":"note.status == \"open\""}
{"op":"bases_filter","source":"---\nstatus: open\npriority: normal\ndue: 2026-06-10\nscheduled: 2026-06-12\ncount: 2\ndone: false\n---\n","property_types":{},"timezone":"UTC","now_ms":1781075828070,"shared":"[]","local":"note.done"}
{"op":"bases_filter","source":"---\nstatus: open\npriority: normal\ndue: 2026-06-10\nscheduled: 2026-06-12\ncount: 2\ndone: false\n---\n","property_types":{},"timezone":"UTC","now_ms":1781075828070,"shared":"[1]","local":"true"}
{"op":"bases_filter","source":"---\nstatus: open\npriority: normal\ndue: 2026-06-10\nscheduled: 2026-06-12\ncount: 2\ndone: false\n---\n","property_types":{},"timezone":"UTC","now_ms":1781075828070,"shared":"[1]","local":"false"}
{"op":"bases_filter","source":"---\nstatus: open\npriority: normal\ndue: 2026-06-10\nscheduled: 2026-06-12\ncount: 2\ndone: false\n---\n","property_types":{},"timezone":"UTC","now_ms":1781075828070,"shared":"[1]","local":"note.status == \"open\""}
{"op":"bases_filter","source":"---\nstatus: open\npriority: normal\ndue: 2026-06-10\nscheduled: 2026-06-12\ncount: 2\ndone: false\n---\n","property_types":{},"timezone":"UTC","now_ms":1781075828070,"shared":"[1]","local":"note.done"}
{"op":"bases_filter","source":"---\nstatus: open\npriority: normal\ndue: 2026-06-10\nscheduled: 2026-06-12\ncount: 2\ndone: false\n---\n","property_types":{},"timezone":"UTC","now_ms":1781075828070,"shared":"note.status","local":"true"}
{"op":"bases_filter","source":"---\nstatus: open\npriority: normal\ndue: 2026-06-10\nscheduled: 2026-06-12\ncount: 2\ndone: false\n---\n","property_types":{},"timezone":"UTC","now_ms":1781075828070,"shared":"note.status","local":"false"}
{"op":"bases_filter","source":"---\nstatus: open\npriority: normal\ndue: 2026-06-10\nscheduled: 2026-06-12\ncount: 2\ndone: false\n---\n","property_types":{},"timezone":"UTC","now_ms":1781075828070,"shared":"note.status","local":"note.status == \"open\""}
{"op":"bases_filter","source":"---\nstatus: open\npriority: normal\ndue: 2026-06-10\nscheduled: 2026-06-12\ncount: 2\ndone: false\n---\n","property_types":{},"timezone":"UTC","now_ms":1781075828070,"shared":"note.status","local":"note.done"}
{"op":"bases_filter","source":"---\nstatus: open\npriority: normal\ndue: 2026-06-10\nscheduled: 2026-06-12\ncount: 2\ndone: false\n---\n","property_types":{},"timezone":"UTC","now_ms":1781075828070,"shared":"note.missing","local":"true"}
{"op":"bases_filter","source":"---\nstatus: open\npriority: normal\ndue: 2026-06-10\nscheduled: 2026-06-12\ncount: 2\ndone: false\n---\n","property_types":{},"timezone":"UTC","now_ms":1781075828070,"shared":"note.missing","local":"false"}
{"op":"bases_filter","source":"---\nstatus: open\npriority: normal\ndue: 2026-06-10\nscheduled: 2026-06-12\ncount: 2\ndone: false\n---\n","property_types":{},"timezone":"UTC","now_ms":1781075828070,"shared":"note.missing","local":"note.status == \"open\""}
{"op":"bases_filter","source":"---\nstatus: open\npriority: normal\ndue: 2026-06-10\nscheduled: 2026-06-12\ncount: 2\ndone: false\n---\n","property_types":{},"timezone":"UTC","now_ms":1781075828070,"shared":"note.missing","local":"note.done"}
{"op":"bases_filter","source":"---\nstatus: open\npriority: normal\ndue: 2026-06-10\nscheduled: 2026-06-12\ncount: 2\ndone: false\n---\n","property_types":{},"timezone":"UTC","now_ms":1781075828070,"shared":"note.count > 1","local":"true"}
{"op":"bases_filter","source":"---\nstatus: open\npriority: normal\ndue: 2026-06-10\nscheduled: 2026-06-12\ncount: 2\ndone: false\n---\n","property_types":{},"timezone":"UTC","now_ms":1781075828070,"shared":"note.count > 1","local":"false"}
{"op":"bases_filter","source":"---\nstatus: open\npriority: normal\ndue: 2026-06-10\nscheduled: 2026-06-12\ncount: 2\ndone: false\n---\n","property_types":{},"timezone":"UTC","now_ms":1781075828070,"shared":"note.count > 1","local":"note.status == \"open\""}
{"op":"bases_filter","source":"---\nstatus: open\npriority: normal\ndue: 2026-06-10\nscheduled: 2026-06-12\ncount: 2\ndone: false\n---\n","property_types":{},"timezone":"UTC","now_ms":1781075828070,"shared":"note.count > 1","local":"note.done"}
{"op":"bases_filter","source":"---\nstatus: open\npriority: normal\ndue: 2026-06-10\nscheduled: 2026-06-12\ncount: 2\ndone: false\n---\n","property_types":{},"timezone":"UTC","now_ms":1781075828070,"shared":{"and":[]}}
{"op":"bases_filter","source":"---\nstatus: open\npriority: normal\ndue: 2026-06-10\nscheduled: 2026-06-12\ncount: 2\ndone: false\n---\n","property_types":{},"timezone":"UTC","now_ms":1781075828070,"shared":{"and":["true","true"]}}
{"op":"bases_filter","source":"---\nstatus: open\npriority: normal\ndue: 2026-06-10\nscheduled: 2026-06-12\ncount: 2\ndone: false\n---\n","property_types":{},"timezone":"UTC","now_ms":1781075828070,"shared":{"and":["true","false"]}}
{"op":"bases_filter","source":"---\nstatus: open\npriority: normal\ndue: 2026-06-10\nscheduled: 2026-06-12\ncount: 2\ndone: false\n---\n","property_types":{},"timezone":"UTC","now_ms":1781075828070,"shared":{"and":["true","note.count == 2"]}}
{"op":"bases_filter","source":"---\nstatus: open\npriority: normal\ndue: 2026-06-10\nscheduled: 2026-06-12\ncount: 2\ndone: false\n---\n","property_types":{},"timezone":"UTC","now_ms":1781075828070,"shared":{"and":["false","true"]}}
{"op":"bases_filter","source":"---\nstatus: open\npriority: normal\ndue: 2026-06-10\nscheduled: 2026-06-12\ncount: 2\ndone: false\n---\n","property_types":{},"timezone":"UTC","now_ms":1781075828070,"shared":{"and":["false","false"]}}
{"op":"bases_filter","source":"---\nstatus: open\npriority: normal\ndue: 2026-06-10\nscheduled: 2026-06-12\ncount: 2\ndone: false\n---\n","property_types":{},"timezone":"UTC","now_ms":1781075828070,"shared":{"and":["false","note.count == 2"]}}
{"op":"bases_filter","source":"---\nstatus: open\npriority: normal\ndue: 2026-06-10\nscheduled: 2026-06-12\ncount: 2\ndone: false\n---\n","property_types":{},"timezone":"UTC","now_ms":1781075828070,"shared":{"and":["null","true"]}}
{"op":"bases_filter","source":"---\nstatus: open\npriority: normal\ndue: 2026-06-10\nscheduled: 2026-06-12\ncount: 2\ndone: false\n---\n","property_types":{},"timezone":"UTC","now_ms":1781075828070,"shared":{"and":["null","false"]}}
{"op":"bases_filter","source":"---\nstatus: open\npriority: normal\ndue: 2026-06-10\nscheduled: 2026-06-12\ncount: 2\ndone: false\n---\n","property_types":{},"timezone":"UTC","now_ms":1781075828070,"shared":{"and":["null","note.count == 2"]}}
{"op":"bases_filter","source":"---\nstatus: open\npriority: normal\ndue: 2026-06-10\nscheduled: 2026-06-12\ncount: 2\ndone: false\n---\n","property_types":{},"timezone":"UTC","now_ms":1781075828070,"shared":{"and":["0","true"]}}
{"op":"bases_filter","source":"---\nstatus: open\npriority: normal\ndue: 2026-06-10\nscheduled: 2026-06-12\ncount: 2\ndone: false\n---\n","property_types":{},"timezone":"UTC","now_ms":1781075828070,"shared":{"and":["0","false"]}}
{"op":"bases_filter","source":"---\nstatus: open\npriority: normal\ndue: 2026-06-10\nscheduled: 2026-06-12\ncount: 2\ndone: false\n---\n","property_types":{},"timezone":"UTC","now_ms":1781075828070,"shared":{"and":["0","note.count == 2"]}}
{"op":"bases_filter","source":"---\nstatus: open\npriority: normal\ndue: 2026-06-10\nscheduled: 2026-06-12\ncount: 2\ndone: false\n---\n","property_types":{},"timezone":"UTC","now_ms":1781075828070,"shared":{"and":["1","true"]}}
{"op":"bases_filter","source":"---\nstatus: open\npriority: normal\ndue: 2026-06-10\nscheduled: 2026-06-12\ncount: 2\ndone: false\n---\n","property_types":{},"timezone":"UTC","now_ms":1781075828070,"shared":{"and":["1","false"]}}
{"op":"bases_filter","source":"---\nstatus: open\npriority: normal\ndue: 2026-06-10\nscheduled: 2026-06-12\ncount: 2\ndone: false\n---\n","property_types":{},"timezone":"UTC","now_ms":1781075828070,"shared":{"and":["1","note.count == 2"]}}
{"op":"bases_filter","source":"---\nstatus: open\npriority: normal\ndue: 2026-06-10\nscheduled: 2026-06-12\ncount: 2\ndone: false\n---\n","property_types":{},"timezone":"UTC","now_ms":1781075828070,"shared":{"and":["''","true"]}}
{"op":"bases_filter","source":"---\nstatus: open\npriority: normal\ndue: 2026-06-10\nscheduled: 2026-06-12\ncount: 2\ndone: false\n---\n","property_types":{},"timezone":"UTC","now_ms":1781075828070,"shared":{"and":["''","false"]}}
{"op":"bases_filter","source":"---\nstatus: open\npriority: normal\ndue: 2026-06-10\nscheduled: 2026-06-12\ncount: 2\ndone: false\n---\n","property_types":{},"timezone":"UTC","now_ms":1781075828070,"shared":{"and":["''","note.count == 2"]}}
{"op":"bases_filter","source":"---\nstatus: open\npriority: normal\ndue: 2026-06-10\nscheduled: 2026-06-12\ncount: 2\ndone: false\n---\n","property_types":{},"timezone":"UTC","now_ms":1781075828070,"shared":{"and":["'x'","true"]}}
{"op":"bases_filter","source":"---\nstatus: open\npriority: normal\ndue: 2026-06-10\nscheduled: 2026-06-12\ncount: 2\ndone: false\n---\n","property_types":{},"timezone":"UTC","now_ms":1781075828070,"shared":{"and":["'x'","false"]}}
{"op":"bases_filter","source":"---\nstatus: open\npriority: normal\ndue: 2026-06-10\nscheduled: 2026-06-12\ncount: 2\ndone: false\n---\n","property_types":{},"timezone":"UTC","now_ms":1781075828070,"shared":{"and":["'x'","note.count == 2"]}}
{"op":"bases_filter","source":"---\nstatus: open\npriority: normal\ndue: 2026-06-10\nscheduled: 2026-06-12\ncount: 2\ndone: false\n---\n","property_types":{},"timezone":"UTC","now_ms":1781075828070,"shared":{"and":["[]","true"]}}
{"op":"bases_filter","source":"---\nstatus: open\npriority: normal\ndue: 2026-06-10\nscheduled: 2026-06-12\ncount: 2\ndone: false\n---\n","property_types":{},"timezone":"UTC","now_ms":1781075828070,"shared":{"and":["[]","false"]}}
{"op":"bases_filter","source":"---\nstatus: open\npriority: normal\ndue: 2026-06-10\nscheduled: 2026-06-12\ncount: 2\ndone: false\n---\n","property_types":{},"timezone":"UTC","now_ms":1781075828070,"shared":{"and":["[]","note.count == 2"]}}
{"op":"bases_filter","source":"---\nstatus: open\npriority: normal\ndue: 2026-06-10\nscheduled: 2026-06-12\ncount: 2\ndone: false\n---\n","property_types":{},"timezone":"UTC","now_ms":1781075828070,"shared":{"and":["[1]","true"]}}
{"op":"bases_filter","source":"---\nstatus: open\npriority: normal\ndue: 2026-06-10\nscheduled: 2026-06-12\ncount: 2\ndone: false\n---\n","property_types":{},"timezone":"UTC","now_ms":1781075828070,"shared":{"and":["[1]","false"]}}
{"op":"bases_filter","source":"---\nstatus: open\npriority: normal\ndue: 2026-06-10\nscheduled: 2026-06-12\ncount: 2\ndone: false\n---\n","property_types":{},"timezone":"UTC","now_ms":1781075828070,"shared":{"and":["[1]","note.count == 2"]}}
{"op":"bases_filter","source":"---\nstatus: open\npriority: normal\ndue: 2026-06-10\nscheduled: 2026-06-12\ncount: 2\ndone: false\n---\n","property_types":{},"timezone":"UTC","now_ms":1781075828070,"shared":{"and":["note.status","true"]}}
{"op":"bases_filter","source":"---\nstatus: open\npriority: normal\ndue: 2026-06-10\nscheduled: 2026-06-12\ncount: 2\ndone: false\n---\n","property_types":{},"timezone":"UTC","now_ms":1781075828070,"shared":{"and":["note.status","false"]}}
{"op":"bases_filter","source":"---\nstatus: open\npriority: normal\ndue: 2026-06-10\nscheduled: 2026-06-12\ncount: 2\ndone: false\n---\n","property_types":{},"timezone":"UTC","now_ms":1781075828070,"shared":{"and":["note.status","note.count == 2"]}}
{"op":"bases_filter","source":"---\nstatus: open\npriority: normal\ndue: 2026-06-10\nscheduled: 2026-06-12\ncount: 2\ndone: false\n---\n","property_types":{},"timezone":"UTC","now_ms":1781075828070,"shared":{"and":["note.missing","true"]}}
{"op":"bases_filter","source":"---\nstatus: open\npriority: normal\ndue: 2026-06-10\nscheduled: 2026-06-12\ncount: 2\ndone: false\n---\n","property_types":{},"timezone":"UTC","now_ms":1781075828070,"shared":{"and":["note.missing","false"]}}
{"op":"bases_filter","source":"---\nstatus: open\npriority: normal\ndue: 2026-06-10\nscheduled: 2026-06-12\ncount: 2\ndone: false\n---\n","property_types":{},"timezone":"UTC","now_ms":1781075828070,"shared":{"and":["note.missing","note.count == 2"]}}
{"op":"bases_filter","source":"---\nstatus: open\npriority: normal\ndue: 2026-06-10\nscheduled: 2026-06-12\ncount: 2\ndone: false\n---\n","property_types":{},"timezone":"UTC","now_ms":1781075828070,"shared":{"and":["note.count > 1","true"]}}
{"op":"bases_filter","source":"---\nstatus: open\npriority: normal\ndue: 2026-06-10\nscheduled: 2026-06-12\ncount: 2\ndone: false\n---\n","property_types":{},"timezone":"UTC","now_ms":1781075828070,"shared":{"and":["note.count > 1","false"]}}
{"op":"bases_filter","source":"---\nstatus: open\npriority: normal\ndue: 2026-06-10\nscheduled: 2026-06-12\ncount: 2\ndone: false\n---\n","property_types":{},"timezone":"UTC","now_ms":1781075828070,"shared":{"and":["note.count > 1","note.count == 2"]}}
{"op":"bases_filter","source":"---\nstatus: open\npriority: normal\ndue: 2026-06-10\nscheduled: 2026-06-12\ncount: 2\ndone: false\n---\n","property_types":{},"timezone":"UTC","now_ms":1781075828070,"local":{"and":"true"}}
{"op":"bases_filter","source":"---\nstatus: open\npriority: normal\ndue: 2026-06-10\nscheduled: 2026-06-12\ncount: 2\ndone: false\n---\n","property_types":{},"timezone":"UTC","now_ms":1781075828070,"local":{"and":"false"}}
{"op":"bases_filter","source":"---\nstatus: open\npriority: normal\ndue: 2026-06-10\nscheduled: 2026-06-12\ncount: 2\ndone: false\n---\n","property_types":{},"timezone":"UTC","now_ms":1781075828070,"local":{"and":"note.status"}}
{"op":"bases_filter","source":"---\nstatus: open\npriority: normal\ndue: 2026-06-10\nscheduled: 2026-06-12\ncount: 2\ndone: false\n---\n","property_types":{},"timezone":"UTC","now_ms":1781075828070,"shared":{"or":[]}}
{"op":"bases_filter","source":"---\nstatus: open\npriority: normal\ndue: 2026-06-10\nscheduled: 2026-06-12\ncount: 2\ndone: false\n---\n","property_types":{},"timezone":"UTC","now_ms":1781075828070,"shared":{"or":["true","true"]}}
{"op":"bases_filter","source":"---\nstatus: open\npriority: normal\ndue: 2026-06-10\nscheduled: 2026-06-12\ncount: 2\ndone: false\n---\n","property_types":{},"timezone":"UTC","now_ms":1781075828070,"shared":{"or":["true","false"]}}
{"op":"bases_filter","source":"---\nstatus: open\npriority: normal\ndue: 2026-06-10\nscheduled: 2026-06-12\ncount: 2\ndone: false\n---\n","property_types":{},"timezone":"UTC","now_ms":1781075828070,"shared":{"or":["true","note.count == 2"]}}
{"op":"bases_filter","source":"---\nstatus: open\npriority: normal\ndue: 2026-06-10\nscheduled: 2026-06-12\ncount: 2\ndone: false\n---\n","property_types":{},"timezone":"UTC","now_ms":1781075828070,"shared":{"or":["false","true"]}}
{"op":"bases_filter","source":"---\nstatus: open\npriority: normal\ndue: 2026-06-10\nscheduled: 2026-06-12\ncount: 2\ndone: false\n---\n","property_types":{},"timezone":"UTC","now_ms":1781075828070,"shared":{"or":["false","false"]}}
{"op":"bases_filter","source":"---\nstatus: open\npriority: normal\ndue: 2026-06-10\nscheduled: 2026-06-12\ncount: 2\ndone: false\n---\n","property_types":{},"timezone":"UTC","now_ms":1781075828070,"shared":{"or":["false","note.count == 2"]}}
{"op":"bases_filter","source":"---\nstatus: open\npriority: normal\ndue: 2026-06-10\nscheduled: 2026-06-12\ncount: 2\ndone: false\n---\n","property_types":{},"timezone":"UTC","now_ms":1781075828070,"shared":{"or":["null","true"]}}
{"op":"bases_filter","source":"---\nstatus: open\npriority: normal\ndue: 2026-06-10\nscheduled: 2026-06-12\ncount: 2\ndone: false\n---\n","property_types":{},"timezone":"UTC","now_ms":1781075828070,"shared":{"or":["null","false"]}}
{"op":"bases_filter","source":"---\nstatus: open\npriority: normal\ndue: 2026-06-10\nscheduled: 2026-06-12\ncount: 2\ndone: false\n---\n","property_types":{},"timezone":"UTC","now_ms":1781075828070,"shared":{"or":["null","note.count == 2"]}}
{"op":"bases_filter","source":"---\nstatus: open\npriority: normal\ndue: 2026-06-10\nscheduled: 2026-06-12\ncount: 2\ndone: false\n---\n","property_types":{},"timezone":"UTC","now_ms":1781075828070,"shared":{"or":["0","true"]}}
{"op":"bases_filter","source":"---\nstatus: open\npriority: normal\ndue: 2026-06-10\nscheduled: 2026-06-12\ncount: 2\ndone: false\n---\n","property_types":{},"timezone":"UTC","now_ms":1781075828070,"shared":{"or":["0","false"]}}
{"op":"bases_filter","source":"---\nstatus: open\npriority: normal\ndue: 2026-06-10\nscheduled: 2026-06-12\ncount: 2\ndone: false\n---\n","property_types":{},"timezone":"UTC","now_ms":1781075828070,"shared":{"or":["0","note.count == 2"]}}
{"op":"bases_filter","source":"---\nstatus: open\npriority: normal\ndue: 2026-06-10\nscheduled: 2026-06-12\ncount: 2\ndone: false\n---\n","property_types":{},"timezone":"UTC","now_ms":1781075828070,"shared":{"or":["1","true"]}}
{"op":"bases_filter","source":"---\nstatus: open\npriority: normal\ndue: 2026-06-10\nscheduled: 2026-06-12\ncount: 2\ndone: false\n---\n","property_types":{},"timezone":"UTC","now_ms":1781075828070,"shared":{"or":["1","false"]}}
{"op":"bases_filter","source":"---\nstatus: open\npriority: normal\ndue: 2026-06-10\nscheduled: 2026-06-12\ncount: 2\ndone: false\n---\n","property_types":{},"timezone":"UTC","now_ms":1781075828070,"shared":{"or":["1","note.count == 2"]}}
{"op":"bases_filter","source":"---\nstatus: open\npriority: normal\ndue: 2026-06-10\nscheduled: 2026-06-12\ncount: 2\ndone: false\n---\n","property_types":{},"timezone":"UTC","now_ms":1781075828070,"shared":{"or":["''","true"]}}
{"op":"bases_filter","source":"---\nstatus: open\npriority: normal\ndue: 2026-06-10\nscheduled: 2026-06-12\ncount: 2\ndone: false\n---\n","property_types":{},"timezone":"UTC","now_ms":1781075828070,"shared":{"or":["''","false"]}}
{"op":"bases_filter","source":"---\nstatus: open\npriority: normal\ndue: 2026-06-10\nscheduled: 2026-06-12\ncount: 2\ndone: false\n---\n","property_types":{},"timezone":"UTC","now_ms":1781075828070,"shared":{"or":["''","note.count == 2"]}}
{"op":"bases_filter","source":"---\nstatus: open\npriority: normal\ndue: 2026-06-10\nscheduled: 2026-06-12\ncount: 2\ndone: false\n---\n","property_types":{},"timezone":"UTC","now_ms":1781075828070,"shared":{"or":["'x'","true"]}}
{"op":"bases_filter","source":"---\nstatus: open\npriority: normal\ndue: 2026-06-10\nscheduled: 2026-06-12\ncount: 2\ndone: false\n---\n","property_types":{},"timezone":"UTC","now_ms":1781075828070,"shared":{"or":["'x'","false"]}}
{"op":"bases_filter","source":"---\nstatus: open\npriority: normal\ndue: 2026-06-10\nscheduled: 2026-06-12\ncount: 2\ndone: false\n---\n","property_types":{},"timezone":"UTC","now_ms":1781075828070,"shared":{"or":["'x'","note.count == 2"]}}
{"op":"bases_filter","source":"---\nstatus: open\npriority: normal\ndue: 2026-06-10\nscheduled: 2026-06-12\ncount: 2\ndone: false\n---\n","property_types":{},"timezone":"UTC","now_ms":1781075828070,"shared":{"or":["[]","true"]}}
{"op":"bases_filter","source":"---\nstatus: open\npriority: normal\ndue: 2026-06-10\nscheduled: 2026-06-12\ncount: 2\ndone: false\n---\n","property_types":{},"timezone":"UTC","now_ms":1781075828070,"shared":{"or":["[]","false"]}}
{"op":"bases_filter","source":"---\nstatus: open\npriority: normal\ndue: 2026-06-10\nscheduled: 2026-06-12\ncount: 2\ndone: false\n---\n","property_types":{},"timezone":"UTC","now_ms":1781075828070,"shared":{"or":["[]","note.count == 2"]}}
{"op":"bases_filter","source":"---\nstatus: open\npriority: normal\ndue: 2026-06-10\nscheduled: 2026-06-12\ncount: 2\ndone: false\n---\n","property_types":{},"timezone":"UTC","now_ms":1781075828070,"shared":{"or":["[1]","true"]}}
{"op":"bases_filter","source":"---\nstatus: open\npriority: normal\ndue: 2026-06-10\nscheduled: 2026-06-12\ncount: 2\ndone: false\n---\n","property_types":{},"timezone":"UTC","now_ms":1781075828070,"shared":{"or":["[1]","false"]}}
{"op":"bases_filter","source":"---\nstatus: open\npriority: normal\ndue: 2026-06-10\nscheduled: 2026-06-12\ncount: 2\ndone: false\n---\n","property_types":{},"timezone":"UTC","now_ms":1781075828070,"shared":{"or":["[1]","note.count == 2"]}}
{"op":"bases_filter","source":"---\nstatus: open\npriority: normal\ndue: 2026-06-10\nscheduled: 2026-06-12\ncount: 2\ndone: false\n---\n","property_types":{},"timezone":"UTC","now_ms":1781075828070,"shared":{"or":["note.status","true"]}}
{"op":"bases_filter","source":"---\nstatus: open\npriority: normal\ndue: 2026-06-10\nscheduled: 2026-06-12\ncount: 2\ndone: false\n---\n","property_types":{},"timezone":"UTC","now_ms":1781075828070,"shared":{"or":["note.status","false"]}}
{"op":"bases_filter","source":"---\nstatus: open\npriority: normal\ndue: 2026-06-10\nscheduled: 2026-06-12\ncount: 2\ndone: false\n---\n","property_types":{},"timezone":"UTC","now_ms":1781075828070,"shared":{"or":["note.status","note.count == 2"]}}
{"op":"bases_filter","source":"---\nstatus: open\npriority: normal\ndue: 2026-06-10\nscheduled: 2026-06-12\ncount: 2\ndone: false\n---\n","property_types":{},"timezone":"UTC","now_ms":1781075828070,"shared":{"or":["note.missing","true"]}}
{"op":"bases_filter","source":"---\nstatus: open\npriority: normal\ndue: 2026-06-10\nscheduled: 2026-06-12\ncount: 2\ndone: false\n---\n","property_types":{},"timezone":"UTC","now_ms":1781075828070,"shared":{"or":["note.missing","false"]}}
{"op":"bases_filter","source":"---\nstatus: open\npriority: normal\ndue: 2026-06-10\nscheduled: 2026-06-12\ncount: 2\ndone: false\n---\n","property_types":{},"timezone":"UTC","now_ms":1781075828070,"shared":{"or":["note.missing","note.count == 2"]}}
{"op":"bases_filter","source":"---\nstatus: open\npriority: normal\ndue: 2026-06-10\nscheduled: 2026-06-12\ncount: 2\ndone: false\n---\n","property_types":{},"timezone":"UTC","now_ms":1781075828070,"shared":{"or":["note.count > 1","true"]}}
{"op":"bases_filter","source":"---\nstatus: open\npriority: normal\ndue: 2026-06-10\nscheduled: 2026-06-12\ncount: 2\ndone: false\n---\n","property_types":{},"timezone":"UTC","now_ms":1781075828070,"shared":{"or":["note.count > 1","false"]}}
{"op":"bases_filter","source":"---\nstatus: open\npriority: normal\ndue: 2026-06-10\nscheduled: 2026-06-12\ncount: 2\ndone: false\n---\n","property_types":{},"timezone":"UTC","now_ms":1781075828070,"shared":{"or":["note.count > 1","note.count == 2"]}}
{"op":"bases_filter","source":"---\nstatus: open\npriority: normal\ndue: 2026-06-10\nscheduled: 2026-06-12\ncount: 2\ndone: false\n---\n","property_types":{},"timezone":"UTC","now_ms":1781075828070,"local":{"or":"true"}}
{"op":"bases_filter","source":"---\nstatus: open\npriority: normal\ndue: 2026-06-10\nscheduled: 2026-06-12\ncount: 2\ndone: false\n---\n","property_types":{},"timezone":"UTC","now_ms":1781075828070,"local":{"or":"false"}}
{"op":"bases_filter","source":"---\nstatus: open\npriority: normal\ndue: 2026-06-10\nscheduled: 2026-06-12\ncount: 2\ndone: false\n---\n","property_types":{},"timezone":"UTC","now_ms":1781075828070,"local":{"or":"note.status"}}
{"op":"bases_filter","source":"---\nstatus: open\npriority: normal\ndue: 2026-06-10\nscheduled: 2026-06-12\ncount: 2\ndone: false\n---\n","property_types":{},"timezone":"UTC","now_ms":1781075828070,"shared":{"not":[]}}
{"op":"bases_filter","source":"---\nstatus: open\npriority: normal\ndue: 2026-06-10\nscheduled: 2026-06-12\ncount: 2\ndone: false\n---\n","property_types":{},"timezone":"UTC","now_ms":1781075828070,"shared":{"not":["true","true"]}}
{"op":"bases_filter","source":"---\nstatus: open\npriority: normal\ndue: 2026-06-10\nscheduled: 2026-06-12\ncount: 2\ndone: false\n---\n","property_types":{},"timezone":"UTC","now_ms":1781075828070,"shared":{"not":["true","false"]}}
{"op":"bases_filter","source":"---\nstatus: open\npriority: normal\ndue: 2026-06-10\nscheduled: 2026-06-12\ncount: 2\ndone: false\n---\n","property_types":{},"timezone":"UTC","now_ms":1781075828070,"shared":{"not":["true","note.count == 2"]}}
{"op":"bases_filter","source":"---\nstatus: open\npriority: normal\ndue: 2026-06-10\nscheduled: 2026-06-12\ncount: 2\ndone: false\n---\n","property_types":{},"timezone":"UTC","now_ms":1781075828070,"shared":{"not":["false","true"]}}
{"op":"bases_filter","source":"---\nstatus: open\npriority: normal\ndue: 2026-06-10\nscheduled: 2026-06-12\ncount: 2\ndone: false\n---\n","property_types":{},"timezone":"UTC","now_ms":1781075828070,"shared":{"not":["false","false"]}}
{"op":"bases_filter","source":"---\nstatus: open\npriority: normal\ndue: 2026-06-10\nscheduled: 2026-06-12\ncount: 2\ndone: false\n---\n","property_types":{},"timezone":"UTC","now_ms":1781075828070,"shared":{"not":["false","note.count == 2"]}}
{"op":"bases_filter","source":"---\nstatus: open\npriority: normal\ndue: 2026-06-10\nscheduled: 2026-06-12\ncount: 2\ndone: false\n---\n","property_types":{},"timezone":"UTC","now_ms":1781075828070,"shared":{"not":["null","true"]}}
{"op":"bases_filter","source":"---\nstatus: open\npriority: normal\ndue: 2026-06-10\nscheduled: 2026-06-12\ncount: 2\ndone: false\n---\n","property_types":{},"timezone":"UTC","now_ms":1781075828070,"shared":{"not":["null","false"]}}
{"op":"bases_filter","source":"---\nstatus: open\npriority: normal\ndue: 2026-06-10\nscheduled: 2026-06-12\ncount: 2\ndone: false\n---\n","property_types":{},"timezone":"UTC","now_ms":1781075828070,"shared":{"not":["null","note.count == 2"]}}
{"op":"bases_filter","source":"---\nstatus: open\npriority: normal\ndue: 2026-06-10\nscheduled: 2026-06-12\ncount: 2\ndone: false\n---\n","property_types":{},"timezone":"UTC","now_ms":1781075828070,"shared":{"not":["0","true"]}}
{"op":"bases_filter","source":"---\nstatus: open\npriority: normal\ndue: 2026-06-10\nscheduled: 2026-06-12\ncount: 2\ndone: false\n---\n","property_types":{},"timezone":"UTC","now_ms":1781075828070,"shared":{"not":["0","false"]}}
{"op":"bases_filter","source":"---\nstatus: open\npriority: normal\ndue: 2026-06-10\nscheduled: 2026-06-12\ncount: 2\ndone: false\n---\n","property_types":{},"timezone":"UTC","now_ms":1781075828070,"shared":{"not":["0","note.count == 2"]}}
{"op":"bases_filter","source":"---\nstatus: open\npriority: normal\ndue: 2026-06-10\nscheduled: 2026-06-12\ncount: 2\ndone: false\n---\n","property_types":{},"timezone":"UTC","now_ms":1781075828070,"shared":{"not":["1","true"]}}
{"op":"bases_filter","source":"---\nstatus: open\npriority: normal\ndue: 2026-06-10\nscheduled: 2026-06-12\ncount: 2\ndone: false\n---\n","property_types":{},"timezone":"UTC","now_ms":1781075828070,"shared":{"not":["1","false"]}}
{"op":"bases_filter","source":"---\nstatus: open\npriority: normal\ndue: 2026-06-10\nscheduled: 2026-06-12\ncount: 2\ndone: false\n---\n","property_types":{},"timezone":"UTC","now_ms":1781075828070,"shared":{"not":["1","note.count == 2"]}}
{"op":"bases_filter","source":"---\nstatus: open\npriority: normal\ndue: 2026-06-10\nscheduled: 2026-06-12\ncount: 2\ndone: false\n---\n","property_types":{},"timezone":"UTC","now_ms":1781075828070,"shared":{"not":["''","true"]}}
{"op":"bases_filter","source":"---\nstatus: open\npriority: normal\ndue: 2026-06-10\nscheduled: 2026-06-12\ncount: 2\ndone: false\n---\n","property_types":{},"timezone":"UTC","now_ms":1781075828070,"shared":{"not":["''","false"]}}
{"op":"bases_filter","source":"---\nstatus: open\npriority: normal\ndue: 2026-06-10\nscheduled: 2026-06-12\ncount: 2\ndone: false\n---\n","property_types":{},"timezone":"UTC","now_ms":1781075828070,"shared":{"not":["''","note.count == 2"]}}
{"op":"bases_filter","source":"---\nstatus: open\npriority: normal\ndue: 2026-06-10\nscheduled: 2026-06-12\ncount: 2\ndone: false\n---\n","property_types":{},"timezone":"UTC","now_ms":1781075828070,"shared":{"not":["'x'","true"]}}
{"op":"bases_filter","source":"---\nstatus: open\npriority: normal\ndue: 2026-06-10\nscheduled: 2026-06-12\ncount: 2\ndone: false\n---\n","property_types":{},"timezone":"UTC","now_ms":1781075828070,"shared":{"not":["'x'","false"]}}
{"op":"bases_filter","source":"---\nstatus: open\npriority: normal\ndue: 2026-06-10\nscheduled: 2026-06-12\ncount: 2\ndone: false\n---\n","property_types":{},"timezone":"UTC","now_ms":1781075828070,"shared":{"not":["'x'","note.count == 2"]}}
{"op":"bases_filter","source":"---\nstatus: open\npriority: normal\ndue: 2026-06-10\nscheduled: 2026-06-12\ncount: 2\ndone: false\n---\n","property_types":{},"timezone":"UTC","now_ms":1781075828070,"shared":{"not":["[]","true"]}}
{"op":"bases_filter","source":"---\nstatus: open\npriority: normal\ndue: 2026-06-10\nscheduled: 2026-06-12\ncount: 2\ndone: false\n---\n","property_types":{},"timezone":"UTC","now_ms":1781075828070,"shared":{"not":["[]","false"]}}
{"op":"bases_filter","source":"---\nstatus: open\npriority: normal\ndue: 2026-06-10\nscheduled: 2026-06-12\ncount: 2\ndone: false\n---\n","property_types":{},"timezone":"UTC","now_ms":1781075828070,"shared":{"not":["[]","note.count == 2"]}}
{"op":"bases_filter","source":"---\nstatus: open\npriority: normal\ndue: 2026-06-10\nscheduled: 2026-06-12\ncount: 2\ndone: false\n---\n","property_types":{},"timezone":"UTC","now_ms":1781075828070,"shared":{"not":["[1]","true"]}}
{"op":"bases_filter","source":"---\nstatus: open\npriority: normal\ndue: 2026-06-10\nscheduled: 2026-06-12\ncount: 2\ndone: false\n---\n","property_types":{},"timezone":"UTC","now_ms":1781075828070,"shared":{"not":["[1]","false"]}}
{"op":"bases_filter","source":"---\nstatus: open\npriority: normal\ndue: 2026-06-10\nscheduled: 2026-06-12\ncount: 2\ndone: false\n---\n","property_types":{},"timezone":"UTC","now_ms":1781075828070,"shared":{"not":["[1]","note.count == 2"]}}
{"op":"bases_filter","source":"---\nstatus: open\npriority: normal\ndue: 2026-06-10\nscheduled: 2026-06-12\ncount: 2\ndone: false\n---\n","property_types":{},"timezone":"UTC","now_ms":1781075828070,"shared":{"not":["note.status","true"]}}
{"op":"bases_filter","source":"---\nstatus: open\npriority: normal\ndue: 2026-06-10\nscheduled: 2026-06-12\ncount: 2\ndone: false\n---\n","property_types":{},"timezone":"UTC","now_ms":1781075828070,"shared":{"not":["note.status","false"]}}
{"op":"bases_filter","source":"---\nstatus: open\npriority: normal\ndue: 2026-06-10\nscheduled: 2026-06-12\ncount: 2\ndone: false\n---\n","property_types":{},"timezone":"UTC","now_ms":1781075828070,"shared":{"not":["note.status","note.count == 2"]}}
{"op":"bases_filter","source":"---\nstatus: open\npriority: normal\ndue: 2026-06-10\nscheduled: 2026-06-12\ncount: 2\ndone: false\n---\n","property_types":{},"timezone":"UTC","now_ms":1781075828070,"shared":{"not":["note.missing","true"]}}
{"op":"bases_filter","source":"---\nstatus: open\npriority: normal\ndue: 2026-06-10\nscheduled: 2026-06-12\ncount: 2\ndone: false\n---\n","property_types":{},"timezone":"UTC","now_ms":1781075828070,"shared":{"not":["note.missing","false"]}}
{"op":"bases_filter","source":"---\nstatus: open\npriority: normal\ndue: 2026-06-10\nscheduled: 2026-06-12\ncount: 2\ndone: false\n---\n","property_types":{},"timezone":"UTC","now_ms":1781075828070,"shared":{"not":["note.missing","note.count == 2"]}}
{"op":"bases_filter","source":"---\nstatus: open\npriority: normal\ndue: 2026-06-10\nscheduled: 2026-06-12\ncount: 2\ndone: false\n---\n","property_types":{},"timezone":"UTC","now_ms":1781075828070,"shared":{"not":["note.count > 1","true"]}}
{"op":"bases_filter","source":"---\nstatus: open\npriority: normal\ndue: 2026-06-10\nscheduled: 2026-06-12\ncount: 2\ndone: false\n---\n","property_types":{},"timezone":"UTC","now_ms":1781075828070,"shared":{"not":["note.count > 1","false"]}}
{"op":"bases_filter","source":"---\nstatus: open\npriority: normal\ndue: 2026-06-10\nscheduled: 2026-06-12\ncount: 2\ndone: false\n---\n","property_types":{},"timezone":"UTC","now_ms":1781075828070,"shared":{"not":["note.count > 1","note.count == 2"]}}
{"op":"bases_filter","source":"---\nstatus: open\npriority: normal\ndue: 2026-06-10\nscheduled: 2026-06-12\ncount: 2\ndone: false\n---\n","property_types":{},"timezone":"UTC","now_ms":1781075828070,"local":{"not":"true"}}
{"op":"bases_filter","source":"---\nstatus: open\npriority: normal\ndue: 2026-06-10\nscheduled: 2026-06-12\ncount: 2\ndone: false\n---\n","property_types":{},"timezone":"UTC","now_ms":1781075828070,"local":{"not":"false"}}
{"op":"bases_filter","source":"---\nstatus: open\npriority: normal\ndue: 2026-06-10\nscheduled: 2026-06-12\ncount: 2\ndone: false\n---\n","property_types":{},"timezone":"UTC","now_ms":1781075828070,"local":{"not":"note.status"}}
{"op":"bases_filter","source":"---\nstatus: open\npriority: normal\ndue: 2026-06-10\nscheduled: 2026-06-12\ncount: 2\ndone: false\n---\n","property_types":{},"timezone":"UTC","now_ms":1781075828070,"shared":{"and":["note.status == \"open\"",{"or":["note.count < 0","note.count == 2"]}]},"local":"note.priority == \"normal\""}
{"op":"bases_filter","source":"---\nstatus: open\npriority: normal\ndue: 2026-06-10\nscheduled: 2026-06-12\ncount: 2\ndone: false\n---\n","property_types":{},"timezone":"UTC","now_ms":1781075828070,"shared":{"not":[{"or":["note.done","note.status == \"done\""]},"note.count < 0"]},"local":"note.priority == \"normal\""}
{"op":"bases_filter","source":"---\nstatus: open\npriority: normal\ndue: 2026-06-10\nscheduled: 2026-06-12\ncount: 2\ndone: false\n---\n","property_types":{},"timezone":"UTC","now_ms":1781075828070,"shared":{"or":[{"not":["true"]},{"and":["true","true"]}]},"local":"note.priority == \"normal\""}
{"op":"bases_filter","source":"---\nstatus: open\npriority: normal\ndue: 2026-06-10\nscheduled: 2026-06-12\ncount: 2\ndone: false\n---\n","property_types":{},"timezone":"UTC","now_ms":1781075828070,"shared":"date(due).date() == today()","formulas":{"today":"date(due).format(\"YYYY-MM-DD\") == today().format(\"YYYY-MM-DD\")","unused":"file.tasks"}}
{"op":"bases_filter","source":"---\nstatus: open\npriority: normal\ndue: 2026-06-10\nscheduled: 2026-06-12\ncount: 2\ndone: false\n---\n","property_types":{},"timezone":"UTC","now_ms":1781075828070,"shared":"date(scheduled) <= today()+\"7 days\"","formulas":{"today":"date(due).format(\"YYYY-MM-DD\") == today().format(\"YYYY-MM-DD\")","unused":"file.tasks"}}
{"op":"bases_filter","source":"---\nstatus: open\npriority: normal\ndue: 2026-06-10\nscheduled: 2026-06-12\ncount: 2\ndone: false\n---\n","property_types":{},"timezone":"UTC","now_ms":1781075828070,"shared":"date(due) < today()","formulas":{"today":"date(due).format(\"YYYY-MM-DD\") == today().format(\"YYYY-MM-DD\")","unused":"file.tasks"}}
{"op":"bases_filter","source":"---\nstatus: open\npriority: normal\ndue: 2026-06-10\nscheduled: 2026-06-12\ncount: 2\ndone: false\n---\n","property_types":{},"timezone":"UTC","now_ms":1781075828070,"shared":"formula.today","formulas":{"today":"date(due).format(\"YYYY-MM-DD\") == today().format(\"YYYY-MM-DD\")","unused":"file.tasks"}}
{"op":"bases_filter","source":"---\nstatus: open\npriority: normal\ndue: 2026-06-10\nscheduled: 2026-06-12\ncount: 2\ndone: false\n---\n","property_types":{},"timezone":"UTC","now_ms":1781075828070,"shared":"true","formulas":{"a":"formula.b","b":"formula.a"}}
{"op":"bases_filter","source":"---\nstatus: open\npriority: normal\ndue: 2026-06-10\nscheduled: 2026-06-12\ncount: 2\ndone: false\n---\n","property_types":{},"timezone":"UTC","now_ms":1781075828070,"shared":"false","local":"number(\"oops\")"}
{"op":"bases_filter","source":"---\nstatus: open\npriority: normal\ndue: 2026-06-10\nscheduled: 2026-06-12\ncount: 2\ndone: false\n---\n","property_types":{},"timezone":"UTC","now_ms":1781075828070,"shared":null}
{"op":"bases_filter","source":"---\nstatus: open\npriority: normal\ndue: 2026-06-10\nscheduled: 2026-06-12\ncount: 2\ndone: false\n---\n","property_types":{},"timezone":"UTC","now_ms":1781075828070,"shared":true}
{"op":"bases_filter","source":"---\nstatus: open\npriority: normal\ndue: 2026-06-10\nscheduled: 2026-06-12\ncount: 2\ndone: false\n---\n","property_types":{},"timezone":"UTC","now_ms":1781075828070,"shared":3}
{"op":"bases_filter","source":"---\nstatus: open\npriority: normal\ndue: 2026-06-10\nscheduled: 2026-06-12\ncount: 2\ndone: false\n---\n","property_types":{},"timezone":"UTC","now_ms":1781075828070,"shared":[]}
{"op":"bases_filter","source":"---\nstatus: open\npriority: normal\ndue: 2026-06-10\nscheduled: 2026-06-12\ncount: 2\ndone: false\n---\n","property_types":{},"timezone":"UTC","now_ms":1781075828070,"shared":{}}
{"op":"bases_filter","source":"---\nstatus: open\npriority: normal\ndue: 2026-06-10\nscheduled: 2026-06-12\ncount: 2\ndone: false\n---\n","property_types":{},"timezone":"UTC","now_ms":1781075828070,"shared":{"and":["true"],"or":["false"]}}
{"op":"bases_filter","source":"---\nstatus: open\npriority: normal\ndue: 2026-06-10\nscheduled: 2026-06-12\ncount: 2\ndone: false\n---\n","property_types":{},"timezone":"UTC","now_ms":1781075828070,"shared":{"xor":[]}}
{"op":"bases_filter","source":"---\nstatus: open\npriority: normal\ndue: 2026-06-10\nscheduled: 2026-06-12\ncount: 2\ndone: false\n---\n","property_types":{},"timezone":"UTC","now_ms":1781075828070,"shared":"number(\"oops\")"}
{"op":"bases_filter","source":"---\nstatus: open\npriority: normal\ndue: 2026-06-10\nscheduled: 2026-06-12\ncount: 2\ndone: false\n---\n","property_types":{},"timezone":"UTC","now_ms":1781075828070,"shared":"true && number(\"oops\")"}
{"op":"bases_filter","source":"---\nstatus: open\npriority: normal\ndue: 2026-06-10\nscheduled: 2026-06-12\ncount: 2\ndone: false\n---\n","property_types":{},"timezone":"UTC","now_ms":1781075828070,"shared":"if(true,number(\"oops\"),false)"}
{"op":"bases_filter","source":"---\nstatus: open\npriority: normal\ndue: 2026-06-10\nscheduled: 2026-06-12\ncount: 2\ndone: false\n---\n","property_types":{},"timezone":"UTC","now_ms":1781075828070,"shared":"list(number(\"oops\")).isEmpty()"}
{"op":"bases_filter","source":"---\nstatus: open\npriority: normal\ndue: 2026-06-10\nscheduled: 2026-06-12\ncount: 2\ndone: false\n---\n","property_types":{},"timezone":"UTC","now_ms":1781075828070,"shared":"formula.a","formulas":{"a":"formula.b","b":"formula.a"}}
{"op":"bases_filter","source":"---\nstatus: open\npriority: normal\ndue: 2026-06-10\nscheduled: 2026-06-12\ncount: 2\ndone: false\n---\n","property_types":{},"timezone":"UTC","now_ms":1781075828070,"shared":{"or":["true","file.tasks"]}}
{"op":"bases_filter","source":"---\nstatus: open\npriority: normal\ndue: 2026-06-10\nscheduled: 2026-06-12\ncount: 2\ndone: false\n---\n","property_types":{},"timezone":"UTC","now_ms":1781075828070,"shared":{"and":["false","file.tasks"]}}
{"op":"bases_filter","source":"---\nstatus: open\npriority: normal\ndue: 2026-06-10\nscheduled: 2026-06-12\ncount: 2\ndone: false\n---\n","property_types":{},"timezone":"UTC","now_ms":1781075828070,"shared":"\"x\".unknown()"}
{"op":"bases_filter","source":"---\nstatus: open\npriority: normal\ndue: 2026-06-10\nscheduled: 2026-06-12\ncount: 2\ndone: false\n---\n","property_types":{},"timezone":"UTC","now_ms":1781075828070,"shared":"random()"}
{"op":"bases_filter","source":"---\nstatus: open\npriority: normal\ndue: 2026-06-10\nscheduled: 2026-06-12\ncount: 2\ndone: false\n---\n","property_types":{},"timezone":"UTC","now_ms":1781075828070,"shared":"                                                                                                                                                                                                                                                                                                                                                                                                                                                                                                                                                                                                                                                                                                                                                                                                                                                                                                                                                                                                                                                                                                                                                                                                                                                                                                                                                                                                                                                                                                                                                                                                                                                                                                                                                                                                                                                                                                                                                                                                                                                                                                                                                                                                                                                                                                                                                                                                                                                                                                                                                                                                                                                                                                                                                                                                                                                                                                                                                                                                                                                                                                                                                                                                                                                                                                                                                                                                                                                                                                                                                                                                                                                                                                                                                                                                                                                                                                                                                                                                                                                                                                                                                                                                                                                                 "}
{"op":"bases_filter","source":"---\nstatus: open\npriority: normal\ndue: 2026-06-10\nscheduled: 2026-06-12\ncount: 2\ndone: false\n---\n","property_types":{},"timezone":"UTC","now_ms":1781075828070,"shared":"true","cancelled":true}
{"op":"bases_filter","source":"---\nstatus: open\npriority: normal\ndue: 2026-06-10\nscheduled: 2026-06-12\ncount: 2\ndone: false\n---\n","property_types":{},"timezone":null,"now_ms":1781075828070,"shared":"false && today()"}
